inputs: ae757ee787575bb91638050b38832656fc6fd6b91330bdee1f83a23932fcb1bd 4b57d08d8eb2609908b44427c77a0e809af622781ad5402f38212e34350dec4a 936a262061c914694dfd669a543be24573c45d5aa0ff20a8b96b23d01e050e88
TLC2 Version 2.19 of 08 August 2024 (rev: 5a47802)
Running breadth-first search Model-Checking with fp 33 and seed 1411472974005791259 with 1 worker on 16 cores with 7282MB heap and 64MB offheap memory [pid: 104337] (Linux 7.0.0-34-generic amd64, Ubuntu 21.0.12.1 x86_64, MSBDiskFPSet, DiskStateQueue).
Parsing file /home/constantine/Programming/Constantine/Projects/PhD_verification/gsrp-tla/spec/GsrpChannel.tla
Parsing file /home/constantine/Programming/Constantine/Projects/PhD_verification/gsrp-tla/spec/states/am_bridge.tmp/Integers.tla
Parsing file /home/constantine/Programming/Constantine/Projects/PhD_verification/gsrp-tla/spec/states/am_bridge.tmp/FiniteSets.tla
Parsing file /home/constantine/Programming/Constantine/Projects/PhD_verification/gsrp-tla/spec/states/am_bridge.tmp/Sequences.tla
Parsing file /home/constantine/Programming/Constantine/Projects/PhD_verification/gsrp-tla/spec/states/am_bridge.tmp/TLC.tla
Parsing file /home/constantine/Programming/Constantine/Projects/PhD_verification/gsrp-tla/spec/states/am_bridge.tmp/Naturals.tla
Semantic processing of module Naturals
Semantic processing of module Integers
Semantic processing of module Sequences
Semantic processing of module FiniteSets
Semantic processing of module TLC
Semantic processing of module GsrpChannel
Starting... (2026-10-09 17:04:06)
Computing initial states...
Computed 2 initial states...
Finished computing initial states: 4 distinct states generated at 2026-10-09 17:04:06.
Progress(11) at 2026-10-09 17:04:09: 43,241 states generated (43,241 s/min), 11,666 distinct states found (11,666 ds/min), 3,285 states left on queue.
Model checking completed. No error has been found.
  Estimates of the probability that TLC did not check all reachable states
  because two distinct states had the same fingerprint:
  calculated (optimistic):  val = 7.4E-11
84952 states generated, 21612 distinct states found, 0 states left on queue.
The depth of the complete state graph search is 18.
The average outdegree of the complete state graph is 1 (minimum is 0, the maximum 9 and the 95th percentile is 4).
Finished in 06s at (2026-10-09 17:04:11)
