inputs: ae757ee787575bb91638050b38832656fc6fd6b91330bdee1f83a23932fcb1bd 25b1a5f3eda7c5886af6b3fa8cf67d1cfbdefbe5034e39b7f5d405b8586a10d2 936a262061c914694dfd669a543be24573c45d5aa0ff20a8b96b23d01e050e88
TLC2 Version 2.19 of 08 August 2024 (rev: 5a47802)
Running breadth-first search Model-Checking with fp 33 and seed -8593108710288198564 with 1 worker on 16 cores with 7282MB heap and 64MB offheap memory [pid: 103170] (Linux 7.0.0-34-generic amd64, Ubuntu 21.0.12.1 x86_64, MSBDiskFPSet, DiskStateQueue).
Parsing file /home/constantine/Programming/Constantine/Projects/PhD_verification/gsrp-tla/spec/GsrpChannel.tla
Parsing file /home/constantine/Programming/Constantine/Projects/PhD_verification/gsrp-tla/spec/states/ch_disp_obs.tmp/Integers.tla
Parsing file /home/constantine/Programming/Constantine/Projects/PhD_verification/gsrp-tla/spec/states/ch_disp_obs.tmp/FiniteSets.tla
Parsing file /home/constantine/Programming/Constantine/Projects/PhD_verification/gsrp-tla/spec/states/ch_disp_obs.tmp/Sequences.tla
Parsing file /home/constantine/Programming/Constantine/Projects/PhD_verification/gsrp-tla/spec/states/ch_disp_obs.tmp/TLC.tla
Parsing file /home/constantine/Programming/Constantine/Projects/PhD_verification/gsrp-tla/spec/states/ch_disp_obs.tmp/Naturals.tla
Semantic processing of module Naturals
Semantic processing of module Integers
Semantic processing of module Sequences
Semantic processing of module FiniteSets
Semantic processing of module TLC
Semantic processing of module GsrpChannel
Starting... (2026-10-09 17:01:30)
Computing initial states...
Finished computing initial states: 1 distinct state generated at 2026-10-09 17:01:30.
Error: Invariant ExposureByExit is violated.
Error: The behavior up to this point is:
State 1: <Initial predicate>
/\ xs = 1
/\ netAfter = {}
/\ ys = 3
/\ cur = [ t |-> "msg",
  h |->
      { [ t |-> "kem",
          key |-> [t |-> "key", k |-> "ck", n |-> 0, l |-> "in"],
          sec |-> [e |-> 0, t |-> "key", k |-> "sk", n |-> 1] ],
        [ t |-> "kem",
          key |-> [t |-> "key", k |-> "ck", n |-> 0, l |-> "in"],
          sec |-> [e |-> 0, t |-> "key", k |-> "sk", n |-> 2] ] },
  q |->
      [ t |-> "enc",
        key |-> [t |-> "key", k |-> "ck", n |-> 0, l |-> "in"],
        body |->
            [ t |-> "msg",
              h |->
                  { [ t |-> "kem",
                      key |-> [t |-> "key", k |-> "ck", n |-> 0, l |-> "eg"],
                      sec |-> [e |-> 0, t |-> "key", k |-> "sk", n |-> 3] ],
                    [ t |-> "kem",
                      key |-> [t |-> "key", k |-> "ck", n |-> 0, l |-> "eg"],
                      sec |-> [e |-> 0, t |-> "key", k |-> "sk", n |-> 4] ] },
              q |->
                  [ t |-> "enc",
                    key |-> [t |-> "key", k |-> "ck", n |-> 0, l |-> "eg"],
                    body |-> [t |-> "m"] ] ] ] ]
/\ leaver = 0
/\ leaverKeys = {}
/\ stage = "client"
/\ pos = 0
/\ hops = 0
/\ ep = <<0, 0, 0, 0>>
/\ net = {}
/\ departed = {}
/\ ret = <<{0}, {0}, {0}, {0}>>
/\ lateKeys = {}
/\ cep = [C1 |-> 0]
/\ seen = <<{}, {}, {}, {}>>
/\ exitNode = 0

State 2: <Dispatch line 211, col 5 to line 215, col 102 of module GsrpChannel>
/\ xs = 1
/\ netAfter = {}
/\ ys = 3
/\ cur = [ t |-> "msg",
  h |->
      { [ t |-> "kem",
          key |-> [t |-> "key", k |-> "ck", n |-> 0, l |-> "in"],
          sec |-> [e |-> 0, t |-> "key", k |-> "sk", n |-> 1] ],
        [ t |-> "kem",
          key |-> [t |-> "key", k |-> "ck", n |-> 0, l |-> "in"],
          sec |-> [e |-> 0, t |-> "key", k |-> "sk", n |-> 2] ] },
  q |->
      [ t |-> "enc",
        key |-> [t |-> "key", k |-> "ck", n |-> 0, l |-> "in"],
        body |->
            [ t |-> "msg",
              h |->
                  { [ t |-> "kem",
                      key |-> [t |-> "key", k |-> "ck", n |-> 0, l |-> "eg"],
                      sec |-> [e |-> 0, t |-> "key", k |-> "sk", n |-> 3] ],
                    [ t |-> "kem",
                      key |-> [t |-> "key", k |-> "ck", n |-> 0, l |-> "eg"],
                      sec |-> [e |-> 0, t |-> "key", k |-> "sk", n |-> 4] ] },
              q |->
                  [ t |-> "enc",
                    key |-> [t |-> "key", k |-> "ck", n |-> 0, l |-> "eg"],
                    body |-> [t |-> "m"] ] ] ] ]
/\ leaver = 0
/\ leaverKeys = {}
/\ stage = "ingress"
/\ pos = 1
/\ hops = 0
/\ ep = <<0, 0, 0, 0>>
/\ net = { [ t |-> "msg",
    h |->
        { [ t |-> "kem",
            key |-> [t |-> "key", k |-> "ck", n |-> 0, l |-> "in"],
            sec |-> [e |-> 0, t |-> "key", k |-> "sk", n |-> 1] ],
          [ t |-> "kem",
            key |-> [t |-> "key", k |-> "ck", n |-> 0, l |-> "in"],
            sec |-> [e |-> 0, t |-> "key", k |-> "sk", n |-> 2] ] },
    q |->
        [ t |-> "enc",
          key |-> [t |-> "key", k |-> "ck", n |-> 0, l |-> "in"],
          body |->
              [ t |-> "msg",
                h |->
                    { [ t |-> "kem",
                        key |-> [t |-> "key", k |-> "ck", n |-> 0, l |-> "eg"],
                        sec |-> [e |-> 0, t |-> "key", k |-> "sk", n |-> 3] ],
                      [ t |-> "kem",
                        key |-> [t |-> "key", k |-> "ck", n |-> 0, l |-> "eg"],
                        sec |-> [e |-> 0, t |-> "key", k |-> "sk", n |-> 4] ] },
                q |->
                    [ t |-> "enc",
                      key |-> [t |-> "key", k |-> "ck", n |-> 0, l |-> "eg"],
                      body |-> [t |-> "m"] ] ] ] ] }
/\ departed = {}
/\ ret = <<{0}, {0}, {0}, {0}>>
/\ lateKeys = {}
/\ cep = [C1 |-> 0]
/\ seen = << { [ t |-> "msg",
       h |->
           { [ t |-> "kem",
               key |-> [t |-> "key", k |-> "ck", n |-> 0, l |-> "in"],
               sec |-> [e |-> 0, t |-> "key", k |-> "sk", n |-> 1] ],
             [ t |-> "kem",
               key |-> [t |-> "key", k |-> "ck", n |-> 0, l |-> "in"],
               sec |-> [e |-> 0, t |-> "key", k |-> "sk", n |-> 2] ] },
       q |->
           [ t |-> "enc",
             key |-> [t |-> "key", k |-> "ck", n |-> 0, l |-> "in"],
             body |->
                 [ t |-> "msg",
                   h |->
                       { [ t |-> "kem",
                           key |->
                               [t |-> "key", k |-> "ck", n |-> 0, l |-> "eg"],
                           sec |->
                               [e |-> 0, t |-> "key", k |-> "sk", n |-> 3] ],
                         [ t |-> "kem",
                           key |->
                               [t |-> "key", k |-> "ck", n |-> 0, l |-> "eg"],
                           sec |->
                               [e |-> 0, t |-> "key", k |-> "sk", n |-> 4] ] },
                   q |->
                       [ t |-> "enc",
                         key |-> [t |-> "key", k |-> "ck", n |-> 0, l |-> "eg"],
                         body |-> [t |-> "m"] ] ] ] ] },
   {},
   {},
   {} >>
/\ exitNode = 0

State 3: <Ingress line 218, col 5 to line 223, col 49 of module GsrpChannel>
/\ xs = 1
/\ netAfter = {}
/\ ys = 3
/\ cur = [ t |-> "msg",
  h |->
      { [ t |-> "kem",
          key |-> [t |-> "key", k |-> "ck", n |-> 0, l |-> "eg"],
          sec |-> [e |-> 0, t |-> "key", k |-> "sk", n |-> 3] ],
        [ t |-> "kem",
          key |-> [t |-> "key", k |-> "ck", n |-> 0, l |-> "eg"],
          sec |-> [e |-> 0, t |-> "key", k |-> "sk", n |-> 4] ] },
  q |->
      [ t |-> "enc",
        key |-> [t |-> "key", k |-> "ck", n |-> 0, l |-> "eg"],
        body |-> [t |-> "m"] ] ]
/\ leaver = 0
/\ leaverKeys = {}
/\ stage = "walk"
/\ pos = 1
/\ hops = 0
/\ ep = <<0, 0, 0, 0>>
/\ net = { [ t |-> "msg",
    h |->
        { [ t |-> "kem",
            key |-> [t |-> "key", k |-> "ck", n |-> 0, l |-> "in"],
            sec |-> [e |-> 0, t |-> "key", k |-> "sk", n |-> 1] ],
          [ t |-> "kem",
            key |-> [t |-> "key", k |-> "ck", n |-> 0, l |-> "in"],
            sec |-> [e |-> 0, t |-> "key", k |-> "sk", n |-> 2] ] },
    q |->
        [ t |-> "enc",
          key |-> [t |-> "key", k |-> "ck", n |-> 0, l |-> "in"],
          body |->
              [ t |-> "msg",
                h |->
                    { [ t |-> "kem",
                        key |-> [t |-> "key", k |-> "ck", n |-> 0, l |-> "eg"],
                        sec |-> [e |-> 0, t |-> "key", k |-> "sk", n |-> 3] ],
                      [ t |-> "kem",
                        key |-> [t |-> "key", k |-> "ck", n |-> 0, l |-> "eg"],
                        sec |-> [e |-> 0, t |-> "key", k |-> "sk", n |-> 4] ] },
                q |->
                    [ t |-> "enc",
                      key |-> [t |-> "key", k |-> "ck", n |-> 0, l |-> "eg"],
                      body |-> [t |-> "m"] ] ] ] ] }
/\ departed = {}
/\ ret = <<{0}, {0}, {0}, {0}>>
/\ lateKeys = {}
/\ cep = [C1 |-> 0]
/\ seen = << { [ t |-> "msg",
       h |->
           { [ t |-> "kem",
               key |-> [t |-> "key", k |-> "ck", n |-> 0, l |-> "in"],
               sec |-> [e |-> 0, t |-> "key", k |-> "sk", n |-> 1] ],
             [ t |-> "kem",
               key |-> [t |-> "key", k |-> "ck", n |-> 0, l |-> "in"],
               sec |-> [e |-> 0, t |-> "key", k |-> "sk", n |-> 2] ] },
       q |->
           [ t |-> "enc",
             key |-> [t |-> "key", k |-> "ck", n |-> 0, l |-> "in"],
             body |->
                 [ t |-> "msg",
                   h |->
                       { [ t |-> "kem",
                           key |->
                               [t |-> "key", k |-> "ck", n |-> 0, l |-> "eg"],
                           sec |->
                               [e |-> 0, t |-> "key", k |-> "sk", n |-> 3] ],
                         [ t |-> "kem",
                           key |->
                               [t |-> "key", k |-> "ck", n |-> 0, l |-> "eg"],
                           sec |->
                               [e |-> 0, t |-> "key", k |-> "sk", n |-> 4] ] },
                   q |->
                       [ t |-> "enc",
                         key |-> [t |-> "key", k |-> "ck", n |-> 0, l |-> "eg"],
                         body |-> [t |-> "m"] ] ] ] ] },
   {},
   {},
   {} >>
/\ exitNode = 0

State 4: <Move line 226, col 5 to line 234, col 98 of module GsrpChannel>
/\ xs = 1
/\ netAfter = {}
/\ ys = 3
/\ cur = [ t |-> "msg",
  h |->
      { [ t |-> "kem",
          key |-> [t |-> "key", k |-> "ck", n |-> 0, l |-> "eg"],
          sec |-> [e |-> 0, t |-> "key", k |-> "sk", n |-> 3] ],
        [ t |-> "kem",
          key |-> [t |-> "key", k |-> "ck", n |-> 0, l |-> "eg"],
          sec |-> [e |-> 0, t |-> "key", k |-> "sk", n |-> 4] ] },
  q |->
      [ t |-> "enc",
        key |-> [t |-> "key", k |-> "ck", n |-> 0, l |-> "eg"],
        body |-> [t |-> "m"] ] ]
/\ leaver = 0
/\ leaverKeys = {}
/\ stage = "walk"
/\ pos = 4
/\ hops = 0
/\ ep = <<0, 0, 0, 0>>
/\ net = { [ t |-> "enc",
    key |-> [c |-> "C1", a |-> 1, b |-> 4, e |-> 0, t |-> "key", k |-> "link"],
    body |->
        [ t |-> "enc",
          key |-> [c |-> "C1", e |-> 0, t |-> "key", k |-> "hop", n |-> 1],
          body |->
              [ t |-> "msg",
                h |->
                    { [ t |-> "kem",
                        key |-> [t |-> "key", k |-> "ck", n |-> 0, l |-> "eg"],
                        sec |-> [e |-> 0, t |-> "key", k |-> "sk", n |-> 3] ],
                      [ t |-> "kem",
                        key |-> [t |-> "key", k |-> "ck", n |-> 0, l |-> "eg"],
                        sec |-> [e |-> 0, t |-> "key", k |-> "sk", n |-> 4] ] },
                q |->
                    [ t |-> "enc",
                      key |-> [t |-> "key", k |-> "ck", n |-> 0, l |-> "eg"],
                      body |-> [t |-> "m"] ] ] ] ],
  [ t |-> "msg",
    h |->
        { [ t |-> "kem",
            key |-> [t |-> "key", k |-> "ck", n |-> 0, l |-> "in"],
            sec |-> [e |-> 0, t |-> "key", k |-> "sk", n |-> 1] ],
          [ t |-> "kem",
            key |-> [t |-> "key", k |-> "ck", n |-> 0, l |-> "in"],
            sec |-> [e |-> 0, t |-> "key", k |-> "sk", n |-> 2] ] },
    q |->
        [ t |-> "enc",
          key |-> [t |-> "key", k |-> "ck", n |-> 0, l |-> "in"],
          body |->
              [ t |-> "msg",
                h |->
                    { [ t |-> "kem",
                        key |-> [t |-> "key", k |-> "ck", n |-> 0, l |-> "eg"],
                        sec |-> [e |-> 0, t |-> "key", k |-> "sk", n |-> 3] ],
                      [ t |-> "kem",
                        key |-> [t |-> "key", k |-> "ck", n |-> 0, l |-> "eg"],
                        sec |-> [e |-> 0, t |-> "key", k |-> "sk", n |-> 4] ] },
                q |->
                    [ t |-> "enc",
                      key |-> [t |-> "key", k |-> "ck", n |-> 0, l |-> "eg"],
                      body |-> [t |-> "m"] ] ] ] ] }
/\ departed = {}
/\ ret = <<{0}, {0}, {0}, {0}>>
/\ lateKeys = {}
/\ cep = [C1 |-> 0]
/\ seen = << { [ t |-> "msg",
       h |->
           { [ t |-> "kem",
               key |-> [t |-> "key", k |-> "ck", n |-> 0, l |-> "in"],
               sec |-> [e |-> 0, t |-> "key", k |-> "sk", n |-> 1] ],
             [ t |-> "kem",
               key |-> [t |-> "key", k |-> "ck", n |-> 0, l |-> "in"],
               sec |-> [e |-> 0, t |-> "key", k |-> "sk", n |-> 2] ] },
       q |->
           [ t |-> "enc",
             key |-> [t |-> "key", k |-> "ck", n |-> 0, l |-> "in"],
             body |->
                 [ t |-> "msg",
                   h |->
                       { [ t |-> "kem",
                           key |->
                               [t |-> "key", k |-> "ck", n |-> 0, l |-> "eg"],
                           sec |->
                               [e |-> 0, t |-> "key", k |-> "sk", n |-> 3] ],
                         [ t |-> "kem",
                           key |->
                               [t |-> "key", k |-> "ck", n |-> 0, l |-> "eg"],
                           sec |->
                               [e |-> 0, t |-> "key", k |-> "sk", n |-> 4] ] },
                   q |->
                       [ t |-> "enc",
                         key |-> [t |-> "key", k |-> "ck", n |-> 0, l |-> "eg"],
                         body |-> [t |-> "m"] ] ] ] ] },
   {},
   {},
   { [ t |-> "enc",
       key |->
           [c |-> "C1", a |-> 1, b |-> 4, e |-> 0, t |-> "key", k |-> "link"],
       body |->
           [ t |-> "enc",
             key |-> [c |-> "C1", e |-> 0, t |-> "key", k |-> "hop", n |-> 1],
             body |->
                 [ t |-> "msg",
                   h |->
                       { [ t |-> "kem",
                           key |->
                               [t |-> "key", k |-> "ck", n |-> 0, l |-> "eg"],
                           sec |->
                               [e |-> 0, t |-> "key", k |-> "sk", n |-> 3] ],
                         [ t |-> "kem",
                           key |->
                               [t |-> "key", k |-> "ck", n |-> 0, l |-> "eg"],
                           sec |->
                               [e |-> 0, t |-> "key", k |-> "sk", n |-> 4] ] },
                   q |->
                       [ t |-> "enc",
                         key |-> [t |-> "key", k |-> "ck", n |-> 0, l |-> "eg"],
                         body |-> [t |-> "m"] ] ] ] ] } >>
/\ exitNode = 0

State 5: <Exit line 237, col 5 to line 242, col 39 of module GsrpChannel>
/\ xs = 1
/\ netAfter = {}
/\ ys = 3
/\ cur = [t |-> "m"]
/\ leaver = 0
/\ leaverKeys = {}
/\ stage = "done"
/\ pos = 0
/\ hops = 0
/\ ep = <<0, 0, 0, 0>>
/\ net = { [ t |-> "enc",
    key |-> [c |-> "C1", a |-> 1, b |-> 4, e |-> 0, t |-> "key", k |-> "link"],
    body |->
        [ t |-> "enc",
          key |-> [c |-> "C1", e |-> 0, t |-> "key", k |-> "hop", n |-> 1],
          body |->
              [ t |-> "msg",
                h |->
                    { [ t |-> "kem",
                        key |-> [t |-> "key", k |-> "ck", n |-> 0, l |-> "eg"],
                        sec |-> [e |-> 0, t |-> "key", k |-> "sk", n |-> 3] ],
                      [ t |-> "kem",
                        key |-> [t |-> "key", k |-> "ck", n |-> 0, l |-> "eg"],
                        sec |-> [e |-> 0, t |-> "key", k |-> "sk", n |-> 4] ] },
                q |->
                    [ t |-> "enc",
                      key |-> [t |-> "key", k |-> "ck", n |-> 0, l |-> "eg"],
                      body |-> [t |-> "m"] ] ] ] ],
  [ t |-> "msg",
    h |->
        { [ t |-> "kem",
            key |-> [t |-> "key", k |-> "ck", n |-> 0, l |-> "in"],
            sec |-> [e |-> 0, t |-> "key", k |-> "sk", n |-> 1] ],
          [ t |-> "kem",
            key |-> [t |-> "key", k |-> "ck", n |-> 0, l |-> "in"],
            sec |-> [e |-> 0, t |-> "key", k |-> "sk", n |-> 2] ] },
    q |->
        [ t |-> "enc",
          key |-> [t |-> "key", k |-> "ck", n |-> 0, l |-> "in"],
          body |->
              [ t |-> "msg",
                h |->
                    { [ t |-> "kem",
                        key |-> [t |-> "key", k |-> "ck", n |-> 0, l |-> "eg"],
                        sec |-> [e |-> 0, t |-> "key", k |-> "sk", n |-> 3] ],
                      [ t |-> "kem",
                        key |-> [t |-> "key", k |-> "ck", n |-> 0, l |-> "eg"],
                        sec |-> [e |-> 0, t |-> "key", k |-> "sk", n |-> 4] ] },
                q |->
                    [ t |-> "enc",
                      key |-> [t |-> "key", k |-> "ck", n |-> 0, l |-> "eg"],
                      body |-> [t |-> "m"] ] ] ] ] }
/\ departed = {}
/\ ret = <<{0}, {0}, {0}, {0}>>
/\ lateKeys = {}
/\ cep = [C1 |-> 0]
/\ seen = << { [ t |-> "msg",
       h |->
           { [ t |-> "kem",
               key |-> [t |-> "key", k |-> "ck", n |-> 0, l |-> "in"],
               sec |-> [e |-> 0, t |-> "key", k |-> "sk", n |-> 1] ],
             [ t |-> "kem",
               key |-> [t |-> "key", k |-> "ck", n |-> 0, l |-> "in"],
               sec |-> [e |-> 0, t |-> "key", k |-> "sk", n |-> 2] ] },
       q |->
           [ t |-> "enc",
             key |-> [t |-> "key", k |-> "ck", n |-> 0, l |-> "in"],
             body |->
                 [ t |-> "msg",
                   h |->
                       { [ t |-> "kem",
                           key |->
                               [t |-> "key", k |-> "ck", n |-> 0, l |-> "eg"],
                           sec |->
                               [e |-> 0, t |-> "key", k |-> "sk", n |-> 3] ],
                         [ t |-> "kem",
                           key |->
                               [t |-> "key", k |-> "ck", n |-> 0, l |-> "eg"],
                           sec |->
                               [e |-> 0, t |-> "key", k |-> "sk", n |-> 4] ] },
                   q |->
                       [ t |-> "enc",
                         key |-> [t |-> "key", k |-> "ck", n |-> 0, l |-> "eg"],
                         body |-> [t |-> "m"] ] ] ] ] },
   {},
   {},
   { [ t |-> "enc",
       key |->
           [c |-> "C1", a |-> 1, b |-> 4, e |-> 0, t |-> "key", k |-> "link"],
       body |->
           [ t |-> "enc",
             key |-> [c |-> "C1", e |-> 0, t |-> "key", k |-> "hop", n |-> 1],
             body |->
                 [ t |-> "msg",
                   h |->
                       { [ t |-> "kem",
                           key |->
                               [t |-> "key", k |-> "ck", n |-> 0, l |-> "eg"],
                           sec |->
                               [e |-> 0, t |-> "key", k |-> "sk", n |-> 3] ],
                         [ t |-> "kem",
                           key |->
                               [t |-> "key", k |-> "ck", n |-> 0, l |-> "eg"],
                           sec |->
                               [e |-> 0, t |-> "key", k |-> "sk", n |-> 4] ] },
                   q |->
                       [ t |-> "enc",
                         key |-> [t |-> "key", k |-> "ck", n |-> 0, l |-> "eg"],
                         body |-> [t |-> "m"] ] ] ] ] } >>
/\ exitNode = 4

26 states generated, 16 distinct states found, 7 states left on queue.
The depth of the complete state graph search is 5.
The average outdegree of the complete state graph is 2 (minimum is 1, the maximum 3 and the 95th percentile is 3).
Finished in 00s at (2026-10-09 17:01:30)
