inputs: ae757ee787575bb91638050b38832656fc6fd6b91330bdee1f83a23932fcb1bd 44d02bf5c484a4bdc2fe5accbb2d07c2bd0ae88dafe57f12d825dab030705849 936a262061c914694dfd669a543be24573c45d5aa0ff20a8b96b23d01e050e88
TLC2 Version 2.19 of 08 August 2024 (rev: 5a47802)
Running breadth-first search Model-Checking with fp 112 and seed -8714491407825731612 with 1 worker on 16 cores with 7282MB heap and 64MB offheap memory [pid: 103756] (Linux 7.0.0-34-generic amd64, Ubuntu 21.0.12.1 x86_64, MSBDiskFPSet, DiskStateQueue).
Parsing file /home/constantine/Programming/Constantine/Projects/PhD_verification/gsrp-tla/spec/GsrpChannel.tla
Parsing file /home/constantine/Programming/Constantine/Projects/PhD_verification/gsrp-tla/spec/states/ch_fs.tmp/Integers.tla
Parsing file /home/constantine/Programming/Constantine/Projects/PhD_verification/gsrp-tla/spec/states/ch_fs.tmp/FiniteSets.tla
Parsing file /home/constantine/Programming/Constantine/Projects/PhD_verification/gsrp-tla/spec/states/ch_fs.tmp/Sequences.tla
Parsing file /home/constantine/Programming/Constantine/Projects/PhD_verification/gsrp-tla/spec/states/ch_fs.tmp/TLC.tla
Parsing file /home/constantine/Programming/Constantine/Projects/PhD_verification/gsrp-tla/spec/states/ch_fs.tmp/Naturals.tla
Semantic processing of module Naturals
Semantic processing of module Integers
Semantic processing of module Sequences
Semantic processing of module FiniteSets
Semantic processing of module TLC
Semantic processing of module GsrpChannel
Starting... (2026-10-09 17:01:44)
Computing initial states...
Computed 2 initial states...
Finished computing initial states: 4 distinct states generated at 2026-10-09 17:01:44.
Model checking completed. No error has been found.
  Estimates of the probability that TLC did not check all reachable states
  because two distinct states had the same fingerprint:
  calculated (optimistic):  val = 5.0E-11
68408 states generated, 18276 distinct states found, 0 states left on queue.
The depth of the complete state graph search is 19.
The average outdegree of the complete state graph is 1 (minimum is 0, the maximum 7 and the 95th percentile is 3).
Finished in 01s at (2026-10-09 17:01:45)
