inputs: ae757ee787575bb91638050b38832656fc6fd6b91330bdee1f83a23932fcb1bd f8e92705f129fcc4e536384705808203d24b4c7ba6e5236b862c3a6b20360d0d 936a262061c914694dfd669a543be24573c45d5aa0ff20a8b96b23d01e050e88
TLC2 Version 2.19 of 08 August 2024 (rev: 5a47802)
Running breadth-first search Model-Checking with fp 60 and seed -4837234560518728339 with 1 worker on 16 cores with 7282MB heap and 64MB offheap memory [pid: 102847] (Linux 7.0.0-34-generic amd64, Ubuntu 21.0.12.1 x86_64, MSBDiskFPSet, DiskStateQueue).
Parsing file /home/constantine/Programming/Constantine/Projects/PhD_verification/gsrp-tla/spec/GsrpChannel.tla
Parsing file /home/constantine/Programming/Constantine/Projects/PhD_verification/gsrp-tla/spec/states/ch_onion_literal.tmp/Integers.tla
Parsing file /home/constantine/Programming/Constantine/Projects/PhD_verification/gsrp-tla/spec/states/ch_onion_literal.tmp/FiniteSets.tla
Parsing file /home/constantine/Programming/Constantine/Projects/PhD_verification/gsrp-tla/spec/states/ch_onion_literal.tmp/Sequences.tla
Parsing file /home/constantine/Programming/Constantine/Projects/PhD_verification/gsrp-tla/spec/states/ch_onion_literal.tmp/TLC.tla
Parsing file /home/constantine/Programming/Constantine/Projects/PhD_verification/gsrp-tla/spec/states/ch_onion_literal.tmp/Naturals.tla
Semantic processing of module Naturals
Semantic processing of module Integers
Semantic processing of module Sequences
Semantic processing of module FiniteSets
Semantic processing of module TLC
Semantic processing of module GsrpChannel
Starting... (2026-10-09 17:01:24)
Implied-temporal checking--satisfiability problem has 1 branches.
Computing initial states...
Computed 2 initial states...
Finished computing initial states: 4 distinct states generated at 2026-10-09 17:01:24.
Progress(5) at 2026-10-09 17:01:24: 80 states generated, 40 distinct states found, 0 states left on queue.
Checking temporal properties for the complete state space with 40 total distinct states at (2026-10-09 17:01:24)
Error: Temporal properties were violated.

Error: The following behavior constitutes a counter-example:

State 1: <Initial predicate>
/\ xs = 1
/\ netAfter = {}
/\ ys = 3
/\ cur = [ t |-> "msg",
  h |->
      { [ t |-> "kem",
          key |-> [t |-> "key", k |-> "ck", n |-> 1, l |-> "in"],
          sec |-> [e |-> 0, t |-> "key", k |-> "sk", n |-> 1] ],
        [ t |-> "kem",
          key |-> [t |-> "key", k |-> "ck", n |-> 2, l |-> "in"],
          sec |-> [e |-> 0, t |-> "key", k |-> "sk", n |-> 2] ] },
  q |->
      [ t |-> "enc",
        key |-> [t |-> "key", k |-> "ck", n |-> 1, l |-> "in"],
        body |->
            [ t |-> "msg",
              h |->
                  { [ t |-> "kem",
                      key |-> [t |-> "key", k |-> "ck", n |-> 3, l |-> "eg"],
                      sec |-> [e |-> 0, t |-> "key", k |-> "sk", n |-> 3] ],
                    [ t |-> "kem",
                      key |-> [t |-> "key", k |-> "ck", n |-> 4, l |-> "eg"],
                      sec |-> [e |-> 0, t |-> "key", k |-> "sk", n |-> 4] ] },
              q |->
                  [ t |-> "enc",
                    key |-> [t |-> "key", k |-> "ck", n |-> 3, l |-> "eg"],
                    body |-> [t |-> "m"] ] ] ] ]
/\ leaver = 0
/\ leaverKeys = {}
/\ stage = "client"
/\ pos = 0
/\ hops = 0
/\ ep = <<0, 0, 0, 0>>
/\ net = {}
/\ departed = {}
/\ ret = <<{0}, {0}, {0}, {0}>>
/\ lateKeys = {}
/\ cep = [C1 |-> 0]
/\ seen = <<{}, {}, {}, {}>>
/\ exitNode = 0

State 2: <Dispatch line 211, col 5 to line 215, col 102 of module GsrpChannel>
/\ xs = 1
/\ netAfter = {}
/\ ys = 3
/\ cur = [ t |-> "msg",
  h |->
      { [ t |-> "kem",
          key |-> [t |-> "key", k |-> "ck", n |-> 1, l |-> "in"],
          sec |-> [e |-> 0, t |-> "key", k |-> "sk", n |-> 1] ],
        [ t |-> "kem",
          key |-> [t |-> "key", k |-> "ck", n |-> 2, l |-> "in"],
          sec |-> [e |-> 0, t |-> "key", k |-> "sk", n |-> 2] ] },
  q |->
      [ t |-> "enc",
        key |-> [t |-> "key", k |-> "ck", n |-> 1, l |-> "in"],
        body |->
            [ t |-> "msg",
              h |->
                  { [ t |-> "kem",
                      key |-> [t |-> "key", k |-> "ck", n |-> 3, l |-> "eg"],
                      sec |-> [e |-> 0, t |-> "key", k |-> "sk", n |-> 3] ],
                    [ t |-> "kem",
                      key |-> [t |-> "key", k |-> "ck", n |-> 4, l |-> "eg"],
                      sec |-> [e |-> 0, t |-> "key", k |-> "sk", n |-> 4] ] },
              q |->
                  [ t |-> "enc",
                    key |-> [t |-> "key", k |-> "ck", n |-> 3, l |-> "eg"],
                    body |-> [t |-> "m"] ] ] ] ]
/\ leaver = 0
/\ leaverKeys = {}
/\ stage = "ingress"
/\ pos = 2
/\ hops = 0
/\ ep = <<0, 0, 0, 0>>
/\ net = {}
/\ departed = {}
/\ ret = <<{0}, {0}, {0}, {0}>>
/\ lateKeys = {}
/\ cep = [C1 |-> 0]
/\ seen = <<{}, {}, {}, {}>>
/\ exitNode = 0

State 3: <Ingress line 218, col 5 to line 223, col 49 of module GsrpChannel>
/\ xs = 1
/\ netAfter = {}
/\ ys = 3
/\ cur = [ t |-> "msg",
  h |->
      { [ t |-> "kem",
          key |-> [t |-> "key", k |-> "ck", n |-> 1, l |-> "in"],
          sec |-> [e |-> 0, t |-> "key", k |-> "sk", n |-> 1] ],
        [ t |-> "kem",
          key |-> [t |-> "key", k |-> "ck", n |-> 2, l |-> "in"],
          sec |-> [e |-> 0, t |-> "key", k |-> "sk", n |-> 2] ] },
  q |->
      [ t |-> "enc",
        key |-> [t |-> "key", k |-> "ck", n |-> 1, l |-> "in"],
        body |->
            [ t |-> "msg",
              h |->
                  { [ t |-> "kem",
                      key |-> [t |-> "key", k |-> "ck", n |-> 3, l |-> "eg"],
                      sec |-> [e |-> 0, t |-> "key", k |-> "sk", n |-> 3] ],
                    [ t |-> "kem",
                      key |-> [t |-> "key", k |-> "ck", n |-> 4, l |-> "eg"],
                      sec |-> [e |-> 0, t |-> "key", k |-> "sk", n |-> 4] ] },
              q |->
                  [ t |-> "enc",
                    key |-> [t |-> "key", k |-> "ck", n |-> 3, l |-> "eg"],
                    body |-> [t |-> "m"] ] ] ] ]
/\ leaver = 0
/\ leaverKeys = {}
/\ stage = "dropped"
/\ pos = 2
/\ hops = 0
/\ ep = <<0, 0, 0, 0>>
/\ net = {}
/\ departed = {}
/\ ret = <<{0}, {0}, {0}, {0}>>
/\ lateKeys = {}
/\ cep = [C1 |-> 0]
/\ seen = <<{}, {}, {}, {}>>
/\ exitNode = 0

State 4: Stuttering
Finished checking temporal properties in 00s at 2026-10-09 17:01:24
80 states generated, 40 distinct states found, 0 states left on queue.
Finished in 00s at (2026-10-09 17:01:24)
