inputs: ae757ee787575bb91638050b38832656fc6fd6b91330bdee1f83a23932fcb1bd 1edb2948e5a45e6b635464498a694c80cab3e12c649e03f864dc1e814a9c602f 936a262061c914694dfd669a543be24573c45d5aa0ff20a8b96b23d01e050e88
TLC2 Version 2.19 of 08 August 2024 (rev: 5a47802)
Running breadth-first search Model-Checking with fp 26 and seed 7299041186650636705 with 1 worker on 16 cores with 7282MB heap and 64MB offheap memory [pid: 103315] (Linux 7.0.0-34-generic amd64, Ubuntu 21.0.12.1 x86_64, MSBDiskFPSet, DiskStateQueue).
Parsing file /home/constantine/Programming/Constantine/Projects/PhD_verification/gsrp-tla/spec/GsrpChannel.tla
Parsing file /home/constantine/Programming/Constantine/Projects/PhD_verification/gsrp-tla/spec/states/ch_priv_cluster_all.tmp/Integers.tla
Parsing file /home/constantine/Programming/Constantine/Projects/PhD_verification/gsrp-tla/spec/states/ch_priv_cluster_all.tmp/FiniteSets.tla
Parsing file /home/constantine/Programming/Constantine/Projects/PhD_verification/gsrp-tla/spec/states/ch_priv_cluster_all.tmp/Sequences.tla
Parsing file /home/constantine/Programming/Constantine/Projects/PhD_verification/gsrp-tla/spec/states/ch_priv_cluster_all.tmp/TLC.tla
Parsing file /home/constantine/Programming/Constantine/Projects/PhD_verification/gsrp-tla/spec/states/ch_priv_cluster_all.tmp/Naturals.tla
Semantic processing of module Naturals
Semantic processing of module Integers
Semantic processing of module Sequences
Semantic processing of module FiniteSets
Semantic processing of module TLC
Semantic processing of module GsrpChannel
Starting... (2026-10-09 17:01:33)
Computing initial states...
Computed 2 initial states...
Computed 4 initial states...
Finished computing initial states: 6 distinct states generated at 2026-10-09 17:01:33.
Error: Invariant ExposureByExit is violated.
Error: The behavior up to this point is:
State 1: <Initial predicate>
/\ xs = 2
/\ netAfter = {}
/\ ys = 4
/\ cur = [ t |-> "msg",
  h |->
      { [ t |-> "kem",
          key |-> [t |-> "key", k |-> "ck", n |-> 0, l |-> "in"],
          sec |-> [e |-> 0, t |-> "key", k |-> "sk", n |-> 2] ] },
  q |->
      [ t |-> "enc",
        key |-> [t |-> "key", k |-> "ck", n |-> 0, l |-> "in"],
        body |->
            [ t |-> "msg",
              h |->
                  { [ t |-> "kem",
                      key |-> [t |-> "key", k |-> "ck", n |-> 0, l |-> "eg"],
                      sec |->
                          [c |-> "C2", e |-> 0, t |-> "key", k |-> "csk"] ] },
              q |->
                  [ t |-> "enc",
                    key |-> [t |-> "key", k |-> "ck", n |-> 0, l |-> "eg"],
                    body |-> [t |-> "m"] ] ] ] ]
/\ leaver = 0
/\ leaverKeys = {}
/\ stage = "client"
/\ pos = 0
/\ hops = 0
/\ ep = <<0, 0, 0, 0, 0>>
/\ net = {}
/\ departed = {}
/\ ret = <<{0}, {0}, {0}, {0}, {0}>>
/\ lateKeys = {}
/\ cep = [C1 |-> 0, C2 |-> 0]
/\ seen = <<{}, {}, {}, {}, {}>>
/\ exitNode = 0

State 2: <Dispatch line 211, col 5 to line 215, col 102 of module GsrpChannel>
/\ xs = 2
/\ netAfter = {}
/\ ys = 4
/\ cur = [ t |-> "msg",
  h |->
      { [ t |-> "kem",
          key |-> [t |-> "key", k |-> "ck", n |-> 0, l |-> "in"],
          sec |-> [e |-> 0, t |-> "key", k |-> "sk", n |-> 2] ] },
  q |->
      [ t |-> "enc",
        key |-> [t |-> "key", k |-> "ck", n |-> 0, l |-> "in"],
        body |->
            [ t |-> "msg",
              h |->
                  { [ t |-> "kem",
                      key |-> [t |-> "key", k |-> "ck", n |-> 0, l |-> "eg"],
                      sec |->
                          [c |-> "C2", e |-> 0, t |-> "key", k |-> "csk"] ] },
              q |->
                  [ t |-> "enc",
                    key |-> [t |-> "key", k |-> "ck", n |-> 0, l |-> "eg"],
                    body |-> [t |-> "m"] ] ] ] ]
/\ leaver = 0
/\ leaverKeys = {}
/\ stage = "ingress"
/\ pos = 2
/\ hops = 0
/\ ep = <<0, 0, 0, 0, 0>>
/\ net = { [ t |-> "msg",
    h |->
        { [ t |-> "kem",
            key |-> [t |-> "key", k |-> "ck", n |-> 0, l |-> "in"],
            sec |-> [e |-> 0, t |-> "key", k |-> "sk", n |-> 2] ] },
    q |->
        [ t |-> "enc",
          key |-> [t |-> "key", k |-> "ck", n |-> 0, l |-> "in"],
          body |->
              [ t |-> "msg",
                h |->
                    { [ t |-> "kem",
                        key |-> [t |-> "key", k |-> "ck", n |-> 0, l |-> "eg"],
                        sec |->
                            [c |-> "C2", e |-> 0, t |-> "key", k |-> "csk"] ] },
                q |->
                    [ t |-> "enc",
                      key |-> [t |-> "key", k |-> "ck", n |-> 0, l |-> "eg"],
                      body |-> [t |-> "m"] ] ] ] ] }
/\ departed = {}
/\ ret = <<{0}, {0}, {0}, {0}, {0}>>
/\ lateKeys = {}
/\ cep = [C1 |-> 0, C2 |-> 0]
/\ seen = << {},
   { [ t |-> "msg",
       h |->
           { [ t |-> "kem",
               key |-> [t |-> "key", k |-> "ck", n |-> 0, l |-> "in"],
               sec |-> [e |-> 0, t |-> "key", k |-> "sk", n |-> 2] ] },
       q |->
           [ t |-> "enc",
             key |-> [t |-> "key", k |-> "ck", n |-> 0, l |-> "in"],
             body |->
                 [ t |-> "msg",
                   h |->
                       { [ t |-> "kem",
                           key |->
                               [t |-> "key", k |-> "ck", n |-> 0, l |-> "eg"],
                           sec |->
                               [ c |-> "C2",
                                 e |-> 0,
                                 t |-> "key",
                                 k |-> "csk" ] ] },
                   q |->
                       [ t |-> "enc",
                         key |-> [t |-> "key", k |-> "ck", n |-> 0, l |-> "eg"],
                         body |-> [t |-> "m"] ] ] ] ] },
   {},
   {},
   {} >>
/\ exitNode = 0

State 3: <Ingress line 218, col 5 to line 223, col 49 of module GsrpChannel>
/\ xs = 2
/\ netAfter = {}
/\ ys = 4
/\ cur = [ t |-> "msg",
  h |->
      { [ t |-> "kem",
          key |-> [t |-> "key", k |-> "ck", n |-> 0, l |-> "eg"],
          sec |-> [c |-> "C2", e |-> 0, t |-> "key", k |-> "csk"] ] },
  q |->
      [ t |-> "enc",
        key |-> [t |-> "key", k |-> "ck", n |-> 0, l |-> "eg"],
        body |-> [t |-> "m"] ] ]
/\ leaver = 0
/\ leaverKeys = {}
/\ stage = "walk"
/\ pos = 2
/\ hops = 0
/\ ep = <<0, 0, 0, 0, 0>>
/\ net = { [ t |-> "msg",
    h |->
        { [ t |-> "kem",
            key |-> [t |-> "key", k |-> "ck", n |-> 0, l |-> "in"],
            sec |-> [e |-> 0, t |-> "key", k |-> "sk", n |-> 2] ] },
    q |->
        [ t |-> "enc",
          key |-> [t |-> "key", k |-> "ck", n |-> 0, l |-> "in"],
          body |->
              [ t |-> "msg",
                h |->
                    { [ t |-> "kem",
                        key |-> [t |-> "key", k |-> "ck", n |-> 0, l |-> "eg"],
                        sec |->
                            [c |-> "C2", e |-> 0, t |-> "key", k |-> "csk"] ] },
                q |->
                    [ t |-> "enc",
                      key |-> [t |-> "key", k |-> "ck", n |-> 0, l |-> "eg"],
                      body |-> [t |-> "m"] ] ] ] ] }
/\ departed = {}
/\ ret = <<{0}, {0}, {0}, {0}, {0}>>
/\ lateKeys = {}
/\ cep = [C1 |-> 0, C2 |-> 0]
/\ seen = << {},
   { [ t |-> "msg",
       h |->
           { [ t |-> "kem",
               key |-> [t |-> "key", k |-> "ck", n |-> 0, l |-> "in"],
               sec |-> [e |-> 0, t |-> "key", k |-> "sk", n |-> 2] ] },
       q |->
           [ t |-> "enc",
             key |-> [t |-> "key", k |-> "ck", n |-> 0, l |-> "in"],
             body |->
                 [ t |-> "msg",
                   h |->
                       { [ t |-> "kem",
                           key |->
                               [t |-> "key", k |-> "ck", n |-> 0, l |-> "eg"],
                           sec |->
                               [ c |-> "C2",
                                 e |-> 0,
                                 t |-> "key",
                                 k |-> "csk" ] ] },
                   q |->
                       [ t |-> "enc",
                         key |-> [t |-> "key", k |-> "ck", n |-> 0, l |-> "eg"],
                         body |-> [t |-> "m"] ] ] ] ] },
   {},
   {},
   {} >>
/\ exitNode = 0

State 4: <Move line 226, col 5 to line 234, col 98 of module GsrpChannel>
/\ xs = 2
/\ netAfter = {}
/\ ys = 4
/\ cur = [ t |-> "msg",
  h |->
      { [ t |-> "kem",
          key |-> [t |-> "key", k |-> "ck", n |-> 0, l |-> "eg"],
          sec |-> [c |-> "C2", e |-> 0, t |-> "key", k |-> "csk"] ] },
  q |->
      [ t |-> "enc",
        key |-> [t |-> "key", k |-> "ck", n |-> 0, l |-> "eg"],
        body |-> [t |-> "m"] ] ]
/\ leaver = 0
/\ leaverKeys = {}
/\ stage = "walk"
/\ pos = 3
/\ hops = 0
/\ ep = <<0, 0, 0, 0, 0>>
/\ net = { [ t |-> "enc",
    key |-> [a |-> 2, b |-> 3, t |-> "key", k |-> "br"],
    body |->
        [ t |-> "msg",
          h |->
              { [ t |-> "kem",
                  key |-> [t |-> "key", k |-> "ck", n |-> 0, l |-> "eg"],
                  sec |-> [c |-> "C2", e |-> 0, t |-> "key", k |-> "csk"] ] },
          q |->
              [ t |-> "enc",
                key |-> [t |-> "key", k |-> "ck", n |-> 0, l |-> "eg"],
                body |-> [t |-> "m"] ] ] ],
  [ t |-> "msg",
    h |->
        { [ t |-> "kem",
            key |-> [t |-> "key", k |-> "ck", n |-> 0, l |-> "in"],
            sec |-> [e |-> 0, t |-> "key", k |-> "sk", n |-> 2] ] },
    q |->
        [ t |-> "enc",
          key |-> [t |-> "key", k |-> "ck", n |-> 0, l |-> "in"],
          body |->
              [ t |-> "msg",
                h |->
                    { [ t |-> "kem",
                        key |-> [t |-> "key", k |-> "ck", n |-> 0, l |-> "eg"],
                        sec |->
                            [c |-> "C2", e |-> 0, t |-> "key", k |-> "csk"] ] },
                q |->
                    [ t |-> "enc",
                      key |-> [t |-> "key", k |-> "ck", n |-> 0, l |-> "eg"],
                      body |-> [t |-> "m"] ] ] ] ] }
/\ departed = {}
/\ ret = <<{0}, {0}, {0}, {0}, {0}>>
/\ lateKeys = {}
/\ cep = [C1 |-> 0, C2 |-> 0]
/\ seen = << {},
   { [ t |-> "msg",
       h |->
           { [ t |-> "kem",
               key |-> [t |-> "key", k |-> "ck", n |-> 0, l |-> "in"],
               sec |-> [e |-> 0, t |-> "key", k |-> "sk", n |-> 2] ] },
       q |->
           [ t |-> "enc",
             key |-> [t |-> "key", k |-> "ck", n |-> 0, l |-> "in"],
             body |->
                 [ t |-> "msg",
                   h |->
                       { [ t |-> "kem",
                           key |->
                               [t |-> "key", k |-> "ck", n |-> 0, l |-> "eg"],
                           sec |->
                               [ c |-> "C2",
                                 e |-> 0,
                                 t |-> "key",
                                 k |-> "csk" ] ] },
                   q |->
                       [ t |-> "enc",
                         key |-> [t |-> "key", k |-> "ck", n |-> 0, l |-> "eg"],
                         body |-> [t |-> "m"] ] ] ] ] },
   { [ t |-> "enc",
       key |-> [a |-> 2, b |-> 3, t |-> "key", k |-> "br"],
       body |->
           [ t |-> "msg",
             h |->
                 { [ t |-> "kem",
                     key |-> [t |-> "key", k |-> "ck", n |-> 0, l |-> "eg"],
                     sec |->
                         [c |-> "C2", e |-> 0, t |-> "key", k |-> "csk"] ] },
             q |->
                 [ t |-> "enc",
                   key |-> [t |-> "key", k |-> "ck", n |-> 0, l |-> "eg"],
                   body |-> [t |-> "m"] ] ] ] },
   {},
   {} >>
/\ exitNode = 0

State 5: <Move line 226, col 5 to line 234, col 98 of module GsrpChannel>
/\ xs = 2
/\ netAfter = {}
/\ ys = 4
/\ cur = [ t |-> "msg",
  h |->
      { [ t |-> "kem",
          key |-> [t |-> "key", k |-> "ck", n |-> 0, l |-> "eg"],
          sec |-> [c |-> "C2", e |-> 0, t |-> "key", k |-> "csk"] ] },
  q |->
      [ t |-> "enc",
        key |-> [t |-> "key", k |-> "ck", n |-> 0, l |-> "eg"],
        body |-> [t |-> "m"] ] ]
/\ leaver = 0
/\ leaverKeys = {}
/\ stage = "walk"
/\ pos = 4
/\ hops = 0
/\ ep = <<0, 0, 0, 0, 0>>
/\ net = { [ t |-> "enc",
    key |-> [a |-> 2, b |-> 3, t |-> "key", k |-> "br"],
    body |->
        [ t |-> "msg",
          h |->
              { [ t |-> "kem",
                  key |-> [t |-> "key", k |-> "ck", n |-> 0, l |-> "eg"],
                  sec |-> [c |-> "C2", e |-> 0, t |-> "key", k |-> "csk"] ] },
          q |->
              [ t |-> "enc",
                key |-> [t |-> "key", k |-> "ck", n |-> 0, l |-> "eg"],
                body |-> [t |-> "m"] ] ] ],
  [ t |-> "enc",
    key |-> [c |-> "C2", a |-> 3, b |-> 4, e |-> 0, t |-> "key", k |-> "link"],
    body |->
        [ t |-> "enc",
          key |-> [c |-> "C2", e |-> 0, t |-> "key", k |-> "hop", n |-> 3],
          body |->
              [ t |-> "msg",
                h |->
                    { [ t |-> "kem",
                        key |-> [t |-> "key", k |-> "ck", n |-> 0, l |-> "eg"],
                        sec |->
                            [c |-> "C2", e |-> 0, t |-> "key", k |-> "csk"] ] },
                q |->
                    [ t |-> "enc",
                      key |-> [t |-> "key", k |-> "ck", n |-> 0, l |-> "eg"],
                      body |-> [t |-> "m"] ] ] ] ],
  [ t |-> "msg",
    h |->
        { [ t |-> "kem",
            key |-> [t |-> "key", k |-> "ck", n |-> 0, l |-> "in"],
            sec |-> [e |-> 0, t |-> "key", k |-> "sk", n |-> 2] ] },
    q |->
        [ t |-> "enc",
          key |-> [t |-> "key", k |-> "ck", n |-> 0, l |-> "in"],
          body |->
              [ t |-> "msg",
                h |->
                    { [ t |-> "kem",
                        key |-> [t |-> "key", k |-> "ck", n |-> 0, l |-> "eg"],
                        sec |->
                            [c |-> "C2", e |-> 0, t |-> "key", k |-> "csk"] ] },
                q |->
                    [ t |-> "enc",
                      key |-> [t |-> "key", k |-> "ck", n |-> 0, l |-> "eg"],
                      body |-> [t |-> "m"] ] ] ] ] }
/\ departed = {}
/\ ret = <<{0}, {0}, {0}, {0}, {0}>>
/\ lateKeys = {}
/\ cep = [C1 |-> 0, C2 |-> 0]
/\ seen = << {},
   { [ t |-> "msg",
       h |->
           { [ t |-> "kem",
               key |-> [t |-> "key", k |-> "ck", n |-> 0, l |-> "in"],
               sec |-> [e |-> 0, t |-> "key", k |-> "sk", n |-> 2] ] },
       q |->
           [ t |-> "enc",
             key |-> [t |-> "key", k |-> "ck", n |-> 0, l |-> "in"],
             body |->
                 [ t |-> "msg",
                   h |->
                       { [ t |-> "kem",
                           key |->
                               [t |-> "key", k |-> "ck", n |-> 0, l |-> "eg"],
                           sec |->
                               [ c |-> "C2",
                                 e |-> 0,
                                 t |-> "key",
                                 k |-> "csk" ] ] },
                   q |->
                       [ t |-> "enc",
                         key |-> [t |-> "key", k |-> "ck", n |-> 0, l |-> "eg"],
                         body |-> [t |-> "m"] ] ] ] ] },
   { [ t |-> "enc",
       key |-> [a |-> 2, b |-> 3, t |-> "key", k |-> "br"],
       body |->
           [ t |-> "msg",
             h |->
                 { [ t |-> "kem",
                     key |-> [t |-> "key", k |-> "ck", n |-> 0, l |-> "eg"],
                     sec |->
                         [c |-> "C2", e |-> 0, t |-> "key", k |-> "csk"] ] },
             q |->
                 [ t |-> "enc",
                   key |-> [t |-> "key", k |-> "ck", n |-> 0, l |-> "eg"],
                   body |-> [t |-> "m"] ] ] ] },
   { [ t |-> "enc",
       key |->
           [c |-> "C2", a |-> 3, b |-> 4, e |-> 0, t |-> "key", k |-> "link"],
       body |->
           [ t |-> "enc",
             key |-> [c |-> "C2", e |-> 0, t |-> "key", k |-> "hop", n |-> 3],
             body |->
                 [ t |-> "msg",
                   h |->
                       { [ t |-> "kem",
                           key |->
                               [t |-> "key", k |-> "ck", n |-> 0, l |-> "eg"],
                           sec |->
                               [ c |-> "C2",
                                 e |-> 0,
                                 t |-> "key",
                                 k |-> "csk" ] ] },
                   q |->
                       [ t |-> "enc",
                         key |-> [t |-> "key", k |-> "ck", n |-> 0, l |-> "eg"],
                         body |-> [t |-> "m"] ] ] ] ] },
   {} >>
/\ exitNode = 0

State 6: <Exit line 237, col 5 to line 242, col 39 of module GsrpChannel>
/\ xs = 2
/\ netAfter = {}
/\ ys = 4
/\ cur = [t |-> "m"]
/\ leaver = 0
/\ leaverKeys = {}
/\ stage = "done"
/\ pos = 0
/\ hops = 0
/\ ep = <<0, 0, 0, 0, 0>>
/\ net = { [ t |-> "enc",
    key |-> [a |-> 2, b |-> 3, t |-> "key", k |-> "br"],
    body |->
        [ t |-> "msg",
          h |->
              { [ t |-> "kem",
                  key |-> [t |-> "key", k |-> "ck", n |-> 0, l |-> "eg"],
                  sec |-> [c |-> "C2", e |-> 0, t |-> "key", k |-> "csk"] ] },
          q |->
              [ t |-> "enc",
                key |-> [t |-> "key", k |-> "ck", n |-> 0, l |-> "eg"],
                body |-> [t |-> "m"] ] ] ],
  [ t |-> "enc",
    key |-> [c |-> "C2", a |-> 3, b |-> 4, e |-> 0, t |-> "key", k |-> "link"],
    body |->
        [ t |-> "enc",
          key |-> [c |-> "C2", e |-> 0, t |-> "key", k |-> "hop", n |-> 3],
          body |->
              [ t |-> "msg",
                h |->
                    { [ t |-> "kem",
                        key |-> [t |-> "key", k |-> "ck", n |-> 0, l |-> "eg"],
                        sec |->
                            [c |-> "C2", e |-> 0, t |-> "key", k |-> "csk"] ] },
                q |->
                    [ t |-> "enc",
                      key |-> [t |-> "key", k |-> "ck", n |-> 0, l |-> "eg"],
                      body |-> [t |-> "m"] ] ] ] ],
  [ t |-> "msg",
    h |->
        { [ t |-> "kem",
            key |-> [t |-> "key", k |-> "ck", n |-> 0, l |-> "in"],
            sec |-> [e |-> 0, t |-> "key", k |-> "sk", n |-> 2] ] },
    q |->
        [ t |-> "enc",
          key |-> [t |-> "key", k |-> "ck", n |-> 0, l |-> "in"],
          body |->
              [ t |-> "msg",
                h |->
                    { [ t |-> "kem",
                        key |-> [t |-> "key", k |-> "ck", n |-> 0, l |-> "eg"],
                        sec |->
                            [c |-> "C2", e |-> 0, t |-> "key", k |-> "csk"] ] },
                q |->
                    [ t |-> "enc",
                      key |-> [t |-> "key", k |-> "ck", n |-> 0, l |-> "eg"],
                      body |-> [t |-> "m"] ] ] ] ] }
/\ departed = {}
/\ ret = <<{0}, {0}, {0}, {0}, {0}>>
/\ lateKeys = {}
/\ cep = [C1 |-> 0, C2 |-> 0]
/\ seen = << {},
   { [ t |-> "msg",
       h |->
           { [ t |-> "kem",
               key |-> [t |-> "key", k |-> "ck", n |-> 0, l |-> "in"],
               sec |-> [e |-> 0, t |-> "key", k |-> "sk", n |-> 2] ] },
       q |->
           [ t |-> "enc",
             key |-> [t |-> "key", k |-> "ck", n |-> 0, l |-> "in"],
             body |->
                 [ t |-> "msg",
                   h |->
                       { [ t |-> "kem",
                           key |->
                               [t |-> "key", k |-> "ck", n |-> 0, l |-> "eg"],
                           sec |->
                               [ c |-> "C2",
                                 e |-> 0,
                                 t |-> "key",
                                 k |-> "csk" ] ] },
                   q |->
                       [ t |-> "enc",
                         key |-> [t |-> "key", k |-> "ck", n |-> 0, l |-> "eg"],
                         body |-> [t |-> "m"] ] ] ] ] },
   { [ t |-> "enc",
       key |-> [a |-> 2, b |-> 3, t |-> "key", k |-> "br"],
       body |->
           [ t |-> "msg",
             h |->
                 { [ t |-> "kem",
                     key |-> [t |-> "key", k |-> "ck", n |-> 0, l |-> "eg"],
                     sec |->
                         [c |-> "C2", e |-> 0, t |-> "key", k |-> "csk"] ] },
             q |->
                 [ t |-> "enc",
                   key |-> [t |-> "key", k |-> "ck", n |-> 0, l |-> "eg"],
                   body |-> [t |-> "m"] ] ] ] },
   { [ t |-> "enc",
       key |->
           [c |-> "C2", a |-> 3, b |-> 4, e |-> 0, t |-> "key", k |-> "link"],
       body |->
           [ t |-> "enc",
             key |-> [c |-> "C2", e |-> 0, t |-> "key", k |-> "hop", n |-> 3],
             body |->
                 [ t |-> "msg",
                   h |->
                       { [ t |-> "kem",
                           key |->
                               [t |-> "key", k |-> "ck", n |-> 0, l |-> "eg"],
                           sec |->
                               [ c |-> "C2",
                                 e |-> 0,
                                 t |-> "key",
                                 k |-> "csk" ] ] },
                   q |->
                       [ t |-> "enc",
                         key |-> [t |-> "key", k |-> "ck", n |-> 0, l |-> "eg"],
                         body |-> [t |-> "m"] ] ] ] ] },
   {} >>
/\ exitNode = 4

83 states generated, 52 distinct states found, 15 states left on queue.
The depth of the complete state graph search is 6.
The average outdegree of the complete state graph is 1 (minimum is 0, the maximum 2 and the 95th percentile is 2).
Finished in 00s at (2026-10-09 17:01:33)
