TLC2 Version 2.19 of 08 August 2024 (rev: 5a47802)
Running breadth-first search Model-Checking with fp 58 and seed -375561255808358941 with 1 worker on 16 cores with 7282MB heap and 64MB offheap memory [pid: 65053] (Linux 7.0.0-34-generic amd64, Ubuntu 21.0.12.1 x86_64, MSBDiskFPSet, DiskStateQueue).
Parsing file /home/constantine/Programming/Constantine/Projects/PhD_verification/gsrp-tla/spec/GsrpChannel.tla
Parsing file /home/constantine/Programming/Constantine/Projects/PhD_verification/gsrp-tla/spec/states/ch_rotate_g0.tmp/Integers.tla
Parsing file /home/constantine/Programming/Constantine/Projects/PhD_verification/gsrp-tla/spec/states/ch_rotate_g0.tmp/FiniteSets.tla
Parsing file /home/constantine/Programming/Constantine/Projects/PhD_verification/gsrp-tla/spec/states/ch_rotate_g0.tmp/Sequences.tla
Parsing file /home/constantine/Programming/Constantine/Projects/PhD_verification/gsrp-tla/spec/states/ch_rotate_g0.tmp/TLC.tla
Parsing file /home/constantine/Programming/Constantine/Projects/PhD_verification/gsrp-tla/spec/states/ch_rotate_g0.tmp/Naturals.tla
Semantic processing of module Naturals
Semantic processing of module Integers
Semantic processing of module Sequences
Semantic processing of module FiniteSets
Semantic processing of module TLC
Semantic processing of module GsrpChannel
Starting... (2026-10-09 15:26:08)
Implied-temporal checking--satisfiability problem has 1 branches.
Computing initial states...
Computed 2 initial states...
Finished computing initial states: 4 distinct states generated at 2026-10-09 15:26:08.
Progress(9) at 2026-10-09 15:26:09: 2,340 states generated, 512 distinct states found, 0 states left on queue.
Checking temporal properties for the complete state space with 512 total distinct states at (2026-10-09 15:26:09)
Error: Temporal properties were violated.

Error: The following behavior constitutes a counter-example:

State 1: <Initial predicate>
/\ xs = 1
/\ netAfter = {}
/\ ys = 3
/\ cur = [ t |-> "msg",
  h |->
      { [ t |-> "kem",
          key |-> [t |-> "key", k |-> "ck", n |-> 0, l |-> "in"],
          sec |-> [e |-> 0, t |-> "key", k |-> "sk", n |-> 1] ] },
  q |->
      [ t |-> "enc",
        key |-> [t |-> "key", k |-> "ck", n |-> 0, l |-> "in"],
        body |->
            [ t |-> "msg",
              h |->
                  { [ t |-> "kem",
                      key |-> [t |-> "key", k |-> "ck", n |-> 0, l |-> "eg"],
                      sec |-> [e |-> 0, t |-> "key", k |-> "sk", n |-> 3] ] },
              q |->
                  [ t |-> "enc",
                    key |-> [t |-> "key", k |-> "ck", n |-> 0, l |-> "eg"],
                    body |-> [t |-> "m"] ] ] ] ]
/\ leaver = 0
/\ leaverKeys = {}
/\ stage = "client"
/\ pos = 0
/\ hops = 0
/\ ep = <<0, 0, 0, 0>>
/\ net = {}
/\ departed = {}
/\ ret = <<{0}, {0}, {0}, {0}>>
/\ lateKeys = {}
/\ cep = [C1 |-> 0]
/\ seen = <<{}, {}, {}, {}>>
/\ exitNode = 0

State 2: <Rotate line 241, col 5 to line 245, col 49 of module GsrpChannel>
/\ xs = 1
/\ netAfter = {}
/\ ys = 3
/\ cur = [ t |-> "msg",
  h |->
      { [ t |-> "kem",
          key |-> [t |-> "key", k |-> "ck", n |-> 0, l |-> "in"],
          sec |-> [e |-> 0, t |-> "key", k |-> "sk", n |-> 1] ] },
  q |->
      [ t |-> "enc",
        key |-> [t |-> "key", k |-> "ck", n |-> 0, l |-> "in"],
        body |->
            [ t |-> "msg",
              h |->
                  { [ t |-> "kem",
                      key |-> [t |-> "key", k |-> "ck", n |-> 0, l |-> "eg"],
                      sec |-> [e |-> 0, t |-> "key", k |-> "sk", n |-> 3] ] },
              q |->
                  [ t |-> "enc",
                    key |-> [t |-> "key", k |-> "ck", n |-> 0, l |-> "eg"],
                    body |-> [t |-> "m"] ] ] ] ]
/\ leaver = 0
/\ leaverKeys = {}
/\ stage = "client"
/\ pos = 0
/\ hops = 0
/\ ep = <<1, 0, 0, 0>>
/\ net = {}
/\ departed = {}
/\ ret = <<{1}, {0}, {0}, {0}>>
/\ lateKeys = {}
/\ cep = [C1 |-> 0]
/\ seen = <<{}, {}, {}, {}>>
/\ exitNode = 0

State 3: <Rotate line 241, col 5 to line 245, col 49 of module GsrpChannel>
/\ xs = 1
/\ netAfter = {}
/\ ys = 3
/\ cur = [ t |-> "msg",
  h |->
      { [ t |-> "kem",
          key |-> [t |-> "key", k |-> "ck", n |-> 0, l |-> "in"],
          sec |-> [e |-> 0, t |-> "key", k |-> "sk", n |-> 1] ] },
  q |->
      [ t |-> "enc",
        key |-> [t |-> "key", k |-> "ck", n |-> 0, l |-> "in"],
        body |->
            [ t |-> "msg",
              h |->
                  { [ t |-> "kem",
                      key |-> [t |-> "key", k |-> "ck", n |-> 0, l |-> "eg"],
                      sec |-> [e |-> 0, t |-> "key", k |-> "sk", n |-> 3] ] },
              q |->
                  [ t |-> "enc",
                    key |-> [t |-> "key", k |-> "ck", n |-> 0, l |-> "eg"],
                    body |-> [t |-> "m"] ] ] ] ]
/\ leaver = 0
/\ leaverKeys = {}
/\ stage = "client"
/\ pos = 0
/\ hops = 0
/\ ep = <<1, 0, 0, 1>>
/\ net = {}
/\ departed = {}
/\ ret = <<{1}, {0}, {0}, {1}>>
/\ lateKeys = {}
/\ cep = [C1 |-> 0]
/\ seen = <<{}, {}, {}, {}>>
/\ exitNode = 0

State 4: <Rotate line 241, col 5 to line 245, col 49 of module GsrpChannel>
/\ xs = 1
/\ netAfter = {}
/\ ys = 3
/\ cur = [ t |-> "msg",
  h |->
      { [ t |-> "kem",
          key |-> [t |-> "key", k |-> "ck", n |-> 0, l |-> "in"],
          sec |-> [e |-> 0, t |-> "key", k |-> "sk", n |-> 1] ] },
  q |->
      [ t |-> "enc",
        key |-> [t |-> "key", k |-> "ck", n |-> 0, l |-> "in"],
        body |->
            [ t |-> "msg",
              h |->
                  { [ t |-> "kem",
                      key |-> [t |-> "key", k |-> "ck", n |-> 0, l |-> "eg"],
                      sec |-> [e |-> 0, t |-> "key", k |-> "sk", n |-> 3] ] },
              q |->
                  [ t |-> "enc",
                    key |-> [t |-> "key", k |-> "ck", n |-> 0, l |-> "eg"],
                    body |-> [t |-> "m"] ] ] ] ]
/\ leaver = 0
/\ leaverKeys = {}
/\ stage = "client"
/\ pos = 0
/\ hops = 0
/\ ep = <<1, 1, 0, 1>>
/\ net = {}
/\ departed = {}
/\ ret = <<{1}, {1}, {0}, {1}>>
/\ lateKeys = {}
/\ cep = [C1 |-> 0]
/\ seen = <<{}, {}, {}, {}>>
/\ exitNode = 0

State 5: <Rotate line 241, col 5 to line 245, col 49 of module GsrpChannel>
/\ xs = 1
/\ netAfter = {}
/\ ys = 3
/\ cur = [ t |-> "msg",
  h |->
      { [ t |-> "kem",
          key |-> [t |-> "key", k |-> "ck", n |-> 0, l |-> "in"],
          sec |-> [e |-> 0, t |-> "key", k |-> "sk", n |-> 1] ] },
  q |->
      [ t |-> "enc",
        key |-> [t |-> "key", k |-> "ck", n |-> 0, l |-> "in"],
        body |->
            [ t |-> "msg",
              h |->
                  { [ t |-> "kem",
                      key |-> [t |-> "key", k |-> "ck", n |-> 0, l |-> "eg"],
                      sec |-> [e |-> 0, t |-> "key", k |-> "sk", n |-> 3] ] },
              q |->
                  [ t |-> "enc",
                    key |-> [t |-> "key", k |-> "ck", n |-> 0, l |-> "eg"],
                    body |-> [t |-> "m"] ] ] ] ]
/\ leaver = 0
/\ leaverKeys = {}
/\ stage = "client"
/\ pos = 0
/\ hops = 0
/\ ep = <<1, 1, 1, 1>>
/\ net = {}
/\ departed = {}
/\ ret = <<{1}, {1}, {1}, {1}>>
/\ lateKeys = {}
/\ cep = [C1 |-> 0]
/\ seen = <<{}, {}, {}, {}>>
/\ exitNode = 0

State 6: <Dispatch line 207, col 5 to line 211, col 102 of module GsrpChannel>
/\ xs = 1
/\ netAfter = {}
/\ ys = 3
/\ cur = [ t |-> "msg",
  h |->
      { [ t |-> "kem",
          key |-> [t |-> "key", k |-> "ck", n |-> 0, l |-> "in"],
          sec |-> [e |-> 0, t |-> "key", k |-> "sk", n |-> 1] ] },
  q |->
      [ t |-> "enc",
        key |-> [t |-> "key", k |-> "ck", n |-> 0, l |-> "in"],
        body |->
            [ t |-> "msg",
              h |->
                  { [ t |-> "kem",
                      key |-> [t |-> "key", k |-> "ck", n |-> 0, l |-> "eg"],
                      sec |-> [e |-> 0, t |-> "key", k |-> "sk", n |-> 3] ] },
              q |->
                  [ t |-> "enc",
                    key |-> [t |-> "key", k |-> "ck", n |-> 0, l |-> "eg"],
                    body |-> [t |-> "m"] ] ] ] ]
/\ leaver = 0
/\ leaverKeys = {}
/\ stage = "ingress"
/\ pos = 1
/\ hops = 0
/\ ep = <<1, 1, 1, 1>>
/\ net = {}
/\ departed = {}
/\ ret = <<{1}, {1}, {1}, {1}>>
/\ lateKeys = {}
/\ cep = [C1 |-> 0]
/\ seen = <<{}, {}, {}, {}>>
/\ exitNode = 0

State 7: <Ingress line 214, col 5 to line 219, col 49 of module GsrpChannel>
/\ xs = 1
/\ netAfter = {}
/\ ys = 3
/\ cur = [ t |-> "msg",
  h |->
      { [ t |-> "kem",
          key |-> [t |-> "key", k |-> "ck", n |-> 0, l |-> "in"],
          sec |-> [e |-> 0, t |-> "key", k |-> "sk", n |-> 1] ] },
  q |->
      [ t |-> "enc",
        key |-> [t |-> "key", k |-> "ck", n |-> 0, l |-> "in"],
        body |->
            [ t |-> "msg",
              h |->
                  { [ t |-> "kem",
                      key |-> [t |-> "key", k |-> "ck", n |-> 0, l |-> "eg"],
                      sec |-> [e |-> 0, t |-> "key", k |-> "sk", n |-> 3] ] },
              q |->
                  [ t |-> "enc",
                    key |-> [t |-> "key", k |-> "ck", n |-> 0, l |-> "eg"],
                    body |-> [t |-> "m"] ] ] ] ]
/\ leaver = 0
/\ leaverKeys = {}
/\ stage = "dropped"
/\ pos = 1
/\ hops = 0
/\ ep = <<1, 1, 1, 1>>
/\ net = {}
/\ departed = {}
/\ ret = <<{1}, {1}, {1}, {1}>>
/\ lateKeys = {}
/\ cep = [C1 |-> 0]
/\ seen = <<{}, {}, {}, {}>>
/\ exitNode = 0

State 8: Stuttering
Finished checking temporal properties in 00s at 2026-10-09 15:26:09
2340 states generated, 512 distinct states found, 0 states left on queue.
Finished in 00s at (2026-10-09 15:26:09)
