inputs: c37d25841d7d903efe76e6bc3886c627420718ed778d57794421f4ec9dd4dee6 572b59fa4fdfcfd428a13b8ad230907cd74c71492a6cce4ca8119e097824878e 936a262061c914694dfd669a543be24573c45d5aa0ff20a8b96b23d01e050e88
TLC2 Version 2.19 of 08 August 2024 (rev: 5a47802)
Running breadth-first search Model-Checking with fp 65 and seed 1843991676702485202 with 1 worker on 16 cores with 7282MB heap and 64MB offheap memory [pid: 105107] (Linux 7.0.0-34-generic amd64, Ubuntu 21.0.12.1 x86_64, MSBDiskFPSet, DiskStateQueue).
Parsing file /home/constantine/Programming/Constantine/Projects/PhD_verification/gsrp-tla/spec/GsrpEgress.tla
Parsing file /home/constantine/Programming/Constantine/Projects/PhD_verification/gsrp-tla/spec/states/eg_hash_churn.tmp/Integers.tla
Parsing file /home/constantine/Programming/Constantine/Projects/PhD_verification/gsrp-tla/spec/states/eg_hash_churn.tmp/FiniteSets.tla
Parsing file /home/constantine/Programming/Constantine/Projects/PhD_verification/gsrp-tla/spec/states/eg_hash_churn.tmp/TLC.tla
Parsing file /home/constantine/Programming/Constantine/Projects/PhD_verification/gsrp-tla/spec/states/eg_hash_churn.tmp/Naturals.tla
Parsing file /home/constantine/Programming/Constantine/Projects/PhD_verification/gsrp-tla/spec/states/eg_hash_churn.tmp/Sequences.tla
Semantic processing of module Naturals
Semantic processing of module Integers
Semantic processing of module Sequences
Semantic processing of module FiniteSets
Semantic processing of module TLC
Semantic processing of module GsrpEgress
Starting... (2026-10-09 17:05:06)
Computing initial states...
Finished computing initial states: 1 distinct state generated at 2026-10-09 17:05:06.
Error: Invariant OneFacade is violated.
Error: The behavior up to this point is:
State 1: <Initial predicate>
/\ epoch = 0
/\ sess = "open"
/\ segs = 0
/\ S = <<0, 0, 0, 0>>
/\ inserts = 0
/\ pend = <<0, 0, 0, 0>>
/\ resp = {}
/\ view = <<0, 0, 0, 0>>
/\ tomb = <<FALSE, FALSE, FALSE, FALSE>>
/\ rel = {}
/\ uage = <<0, 0, 0, 0>>
/\ tg = 0
/\ usrc = {}
/\ sent = {}
/\ lost = FALSE
/\ uport = <<0, 0, 0, 0>>
/\ answered = 0
/\ senders = {}
/\ live = {1, 2, 3}
/\ mem = <<{1, 2, 3}, {1, 2, 3}, {1, 2, 3}, {}>>

State 2: <SendSeg line 116, col 5 to line 136, col 70 of module GsrpEgress>
/\ epoch = 0
/\ sess = "open"
/\ segs = 1
/\ S = <<0, 0, 1, 0>>
/\ inserts = 1
/\ pend = <<0, 0, 0, 0>>
/\ resp = {}
/\ view = <<3, 0, 0, 0>>
/\ tomb = <<FALSE, FALSE, FALSE, FALSE>>
/\ rel = {}
/\ uage = <<0, 0, 0, 0>>
/\ tg = 0
/\ usrc = {}
/\ sent = {<<3, 1>>}
/\ lost = FALSE
/\ uport = <<0, 0, 0, 0>>
/\ answered = 0
/\ senders = {1}
/\ live = {1, 2, 3}
/\ mem = <<{1, 2, 3}, {1, 2, 3}, {1, 2, 3}, {}>>

State 3: <Join line 151, col 5 to line 155, col 24 of module GsrpEgress>
/\ epoch = 0
/\ sess = "open"
/\ segs = 1
/\ S = <<0, 0, 1, 0>>
/\ inserts = 1
/\ pend = <<0, 0, 0, 0>>
/\ resp = {}
/\ view = <<3, 0, 0, 0>>
/\ tomb = <<FALSE, FALSE, FALSE, FALSE>>
/\ rel = {}
/\ uage = <<0, 0, 0, 0>>
/\ tg = 0
/\ usrc = {}
/\ sent = {<<3, 1>>}
/\ lost = FALSE
/\ uport = <<0, 0, 0, 0>>
/\ answered = 0
/\ senders = {1}
/\ live = {1, 2, 3, 4}
/\ mem = <<{1, 2, 3}, {1, 2, 3}, {1, 2, 3}, {1, 2, 3, 4}>>

State 4: <SendSeg line 116, col 5 to line 136, col 70 of module GsrpEgress>
/\ epoch = 0
/\ sess = "open"
/\ segs = 2
/\ S = <<0, 0, 1, 1>>
/\ inserts = 2
/\ pend = <<0, 0, 0, 0>>
/\ resp = {}
/\ view = <<3, 0, 0, 4>>
/\ tomb = <<FALSE, FALSE, FALSE, FALSE>>
/\ rel = {}
/\ uage = <<0, 0, 0, 0>>
/\ tg = 0
/\ usrc = {}
/\ sent = {<<3, 1>>, <<4, 1>>}
/\ lost = FALSE
/\ uport = <<0, 0, 0, 0>>
/\ answered = 0
/\ senders = {1, 4}
/\ live = {1, 2, 3, 4}
/\ mem = <<{1, 2, 3}, {1, 2, 3}, {1, 2, 3}, {1, 2, 3, 4}>>

100 states generated, 70 distinct states found, 55 states left on queue.
The depth of the complete state graph search is 4.
The average outdegree of the complete state graph is 5 (minimum is 2, the maximum 7 and the 95th percentile is 7).
Finished in 00s at (2026-10-09 17:05:06)
