TLC2 Version 2.19 of 08 August 2024 (rev: 5a47802)
Running breadth-first search Model-Checking with fp 48 and seed 1548303135970733178 with 1 worker on 16 cores with 7282MB heap and 64MB offheap memory [pid: 69792] (Linux 7.0.0-34-generic amd64, Ubuntu 21.0.12.1 x86_64, MSBDiskFPSet, DiskStateQueue).
Parsing file /home/constantine/Programming/Constantine/Projects/PhD_verification/gsrp-tla/spec/GsrpEgress.tla
Parsing file /home/constantine/Programming/Constantine/Projects/PhD_verification/gsrp-tla/spec/states/eg_udp_pub.tmp/Integers.tla
Parsing file /home/constantine/Programming/Constantine/Projects/PhD_verification/gsrp-tla/spec/states/eg_udp_pub.tmp/FiniteSets.tla
Parsing file /home/constantine/Programming/Constantine/Projects/PhD_verification/gsrp-tla/spec/states/eg_udp_pub.tmp/TLC.tla
Parsing file /home/constantine/Programming/Constantine/Projects/PhD_verification/gsrp-tla/spec/states/eg_udp_pub.tmp/Naturals.tla
Parsing file /home/constantine/Programming/Constantine/Projects/PhD_verification/gsrp-tla/spec/states/eg_udp_pub.tmp/Sequences.tla
Semantic processing of module Naturals
Semantic processing of module Integers
Semantic processing of module Sequences
Semantic processing of module FiniteSets
Semantic processing of module TLC
Semantic processing of module GsrpEgress
Starting... (2026-10-09 15:34:23)
Computing initial states...
Finished computing initial states: 1 distinct state generated at 2026-10-09 15:34:23.
Error: Invariant UdpReturn is violated.
Error: The behavior up to this point is:
State 1: <Initial predicate>
/\ epoch = 0
/\ sess = "open"
/\ segs = 0
/\ S = <<0, 0, 0, 0>>
/\ inserts = 0
/\ resp = {}
/\ view = <<0, 0, 0, 0>>
/\ tomb = <<FALSE, FALSE, FALSE, FALSE>>
/\ uage = <<0, 0, 0, 0>>
/\ tg = 0
/\ usrc = {}
/\ sent = {}
/\ lost = FALSE
/\ uport = <<0, 0, 0, 0>>
/\ answered = 0
/\ senders = {}
/\ live = {1, 2, 3}
/\ mem = <<{1, 2, 3}, {1, 2, 3}, {1, 2, 3}, {}>>

State 2: <UdpSend line 151, col 5 to line 158, col 56 of module GsrpEgress>
/\ epoch = 0
/\ sess = "open"
/\ segs = 1
/\ S = <<0, 0, 0, 0>>
/\ inserts = 0
/\ resp = {[v |-> 1, p |-> 1, age |-> 0]}
/\ view = <<0, 0, 0, 0>>
/\ tomb = <<FALSE, FALSE, FALSE, FALSE>>
/\ uage = <<0, 0, 0, 0>>
/\ tg = 0
/\ usrc = {<<1, 1>>}
/\ sent = {}
/\ lost = FALSE
/\ uport = <<1, 0, 0, 0>>
/\ answered = 0
/\ senders = {}
/\ live = {1, 2, 3}
/\ mem = <<{1, 2, 3}, {1, 2, 3}, {1, 2, 3}, {}>>

State 3: <Tick line 162, col 5 to line 168, col 68 of module GsrpEgress>
/\ epoch = 0
/\ sess = "open"
/\ segs = 1
/\ S = <<0, 0, 0, 0>>
/\ inserts = 0
/\ resp = {[v |-> 1, p |-> 1, age |-> 1]}
/\ view = <<0, 0, 0, 0>>
/\ tomb = <<FALSE, FALSE, FALSE, FALSE>>
/\ uage = <<1, 0, 0, 0>>
/\ tg = 0
/\ usrc = {<<1, 1>>}
/\ sent = {}
/\ lost = FALSE
/\ uport = <<1, 0, 0, 0>>
/\ answered = 0
/\ senders = {}
/\ live = {1, 2, 3}
/\ mem = <<{1, 2, 3}, {1, 2, 3}, {1, 2, 3}, {}>>

State 4: <UdpSend line 151, col 5 to line 158, col 56 of module GsrpEgress>
/\ epoch = 0
/\ sess = "open"
/\ segs = 2
/\ S = <<0, 0, 0, 0>>
/\ inserts = 0
/\ resp = {[v |-> 1, p |-> 1, age |-> 0], [v |-> 1, p |-> 1, age |-> 1]}
/\ view = <<0, 0, 0, 0>>
/\ tomb = <<FALSE, FALSE, FALSE, FALSE>>
/\ uage = <<1, 0, 0, 0>>
/\ tg = 0
/\ usrc = {<<1, 1>>}
/\ sent = {}
/\ lost = FALSE
/\ uport = <<1, 0, 0, 0>>
/\ answered = 0
/\ senders = {}
/\ live = {1, 2, 3}
/\ mem = <<{1, 2, 3}, {1, 2, 3}, {1, 2, 3}, {}>>

State 5: <Tick line 162, col 5 to line 168, col 68 of module GsrpEgress>
/\ epoch = 0
/\ sess = "open"
/\ segs = 2
/\ S = <<0, 0, 0, 0>>
/\ inserts = 0
/\ resp = {[v |-> 1, p |-> 1, age |-> 1], [v |-> 1, p |-> 1, age |-> 2]}
/\ view = <<0, 0, 0, 0>>
/\ tomb = <<FALSE, FALSE, FALSE, FALSE>>
/\ uage = <<2, 0, 0, 0>>
/\ tg = 0
/\ usrc = {<<1, 1>>}
/\ sent = {}
/\ lost = FALSE
/\ uport = <<1, 0, 0, 0>>
/\ answered = 0
/\ senders = {}
/\ live = {1, 2, 3}
/\ mem = <<{1, 2, 3}, {1, 2, 3}, {1, 2, 3}, {}>>

State 6: <Next line 181, col 8 to line 181, col 33 of module GsrpEgress>
/\ epoch = 0
/\ sess = "open"
/\ segs = 2
/\ S = <<0, 0, 0, 0>>
/\ inserts = 0
/\ resp = {[v |-> 1, p |-> 1, age |-> 1]}
/\ view = <<0, 0, 0, 0>>
/\ tomb = <<FALSE, FALSE, FALSE, FALSE>>
/\ uage = <<2, 0, 0, 0>>
/\ tg = 0
/\ usrc = {<<1, 1>>}
/\ sent = {}
/\ lost = FALSE
/\ uport = <<1, 0, 0, 0>>
/\ answered = 1
/\ senders = {}
/\ live = {1, 2, 3}
/\ mem = <<{1, 2, 3}, {1, 2, 3}, {1, 2, 3}, {}>>

State 7: <Tick line 162, col 5 to line 168, col 68 of module GsrpEgress>
/\ epoch = 0
/\ sess = "open"
/\ segs = 2
/\ S = <<0, 0, 0, 0>>
/\ inserts = 0
/\ resp = {[v |-> 1, p |-> 1, age |-> 2]}
/\ view = <<0, 0, 0, 0>>
/\ tomb = <<FALSE, FALSE, FALSE, FALSE>>
/\ uage = <<3, 0, 0, 0>>
/\ tg = 0
/\ usrc = {<<1, 1>>}
/\ sent = {}
/\ lost = FALSE
/\ uport = <<0, 0, 0, 0>>
/\ answered = 1
/\ senders = {}
/\ live = {1, 2, 3}
/\ mem = <<{1, 2, 3}, {1, 2, 3}, {1, 2, 3}, {}>>

State 8: <Next line 181, col 8 to line 181, col 33 of module GsrpEgress>
/\ epoch = 0
/\ sess = "open"
/\ segs = 2
/\ S = <<0, 0, 0, 0>>
/\ inserts = 0
/\ resp = {}
/\ view = <<0, 0, 0, 0>>
/\ tomb = <<FALSE, FALSE, FALSE, FALSE>>
/\ uage = <<3, 0, 0, 0>>
/\ tg = 0
/\ usrc = {<<1, 1>>}
/\ sent = {}
/\ lost = TRUE
/\ uport = <<0, 0, 0, 0>>
/\ answered = 1
/\ senders = {}
/\ live = {1, 2, 3}
/\ mem = <<{1, 2, 3}, {1, 2, 3}, {1, 2, 3}, {}>>

5469 states generated, 2363 distinct states found, 1006 states left on queue.
The depth of the complete state graph search is 8.
The average outdegree of the complete state graph is 2 (minimum is 0, the maximum 7 and the 95th percentile is 6).
Finished in 00s at (2026-10-09 15:34:23)
