inputs: ae757ee787575bb91638050b38832656fc6fd6b91330bdee1f83a23932fcb1bd 7cfde1d74b2666e8735c0bc0469e135c7b64d4071dfa45daf82191f929846b1a 936a262061c914694dfd669a543be24573c45d5aa0ff20a8b96b23d01e050e88
TLC2 Version 2.19 of 08 August 2024 (rev: 5a47802)
Running breadth-first search Model-Checking with fp 17 and seed -5028295850329365406 with 1 worker on 16 cores with 7282MB heap and 64MB offheap memory [pid: 104599] (Linux 7.0.0-34-generic amd64, Ubuntu 21.0.12.1 x86_64, MSBDiskFPSet, DiskStateQueue).
Parsing file /home/constantine/Programming/Constantine/Projects/PhD_verification/gsrp-tla/spec/GsrpChannel.tla
Parsing file /home/constantine/Programming/Constantine/Projects/PhD_verification/gsrp-tla/spec/states/wc_am.tmp/Integers.tla
Parsing file /home/constantine/Programming/Constantine/Projects/PhD_verification/gsrp-tla/spec/states/wc_am.tmp/FiniteSets.tla
Parsing file /home/constantine/Programming/Constantine/Projects/PhD_verification/gsrp-tla/spec/states/wc_am.tmp/Sequences.tla
Parsing file /home/constantine/Programming/Constantine/Projects/PhD_verification/gsrp-tla/spec/states/wc_am.tmp/TLC.tla
Parsing file /home/constantine/Programming/Constantine/Projects/PhD_verification/gsrp-tla/spec/states/wc_am.tmp/Naturals.tla
Semantic processing of module Naturals
Semantic processing of module Integers
Semantic processing of module Sequences
Semantic processing of module FiniteSets
Semantic processing of module TLC
Semantic processing of module GsrpChannel
Starting... (2026-10-09 17:04:58)
Computing initial states...
Computed 2 initial states...
Finished computing initial states: 4 distinct states generated at 2026-10-09 17:04:58.
Error: Invariant NoRotateLeaveInFlight is violated.
Error: The behavior up to this point is:
State 1: <Initial predicate>
/\ xs = 1
/\ netAfter = {}
/\ ys = 3
/\ cur = [ t |-> "msg",
  h |->
      { [ t |-> "kem",
          key |-> [t |-> "key", k |-> "ck", n |-> 0, l |-> "in"],
          sec |-> [c |-> "C1", e |-> 0, t |-> "key", k |-> "csk"] ] },
  q |->
      [ t |-> "enc",
        key |-> [t |-> "key", k |-> "ck", n |-> 0, l |-> "in"],
        body |->
            [ t |-> "msg",
              h |->
                  { [ t |-> "kem",
                      key |-> [t |-> "key", k |-> "ck", n |-> 0, l |-> "eg"],
                      sec |-> [e |-> 0, t |-> "key", k |-> "sk", n |-> 3] ] },
              q |->
                  [ t |-> "enc",
                    key |-> [t |-> "key", k |-> "ck", n |-> 0, l |-> "eg"],
                    body |-> [t |-> "m"] ] ] ] ]
/\ leaver = 0
/\ leaverKeys = {}
/\ stage = "client"
/\ pos = 0
/\ hops = 0
/\ ep = <<0, 0, 0, 0>>
/\ net = {}
/\ departed = {}
/\ ret = <<{0}, {0}, {0}, {0}>>
/\ lateKeys = {}
/\ cep = [C1 |-> 0]
/\ seen = <<{}, {}, {}, {}>>
/\ exitNode = 0

State 2: <Dispatch line 211, col 5 to line 215, col 102 of module GsrpChannel>
/\ xs = 1
/\ netAfter = {}
/\ ys = 3
/\ cur = [ t |-> "msg",
  h |->
      { [ t |-> "kem",
          key |-> [t |-> "key", k |-> "ck", n |-> 0, l |-> "in"],
          sec |-> [c |-> "C1", e |-> 0, t |-> "key", k |-> "csk"] ] },
  q |->
      [ t |-> "enc",
        key |-> [t |-> "key", k |-> "ck", n |-> 0, l |-> "in"],
        body |->
            [ t |-> "msg",
              h |->
                  { [ t |-> "kem",
                      key |-> [t |-> "key", k |-> "ck", n |-> 0, l |-> "eg"],
                      sec |-> [e |-> 0, t |-> "key", k |-> "sk", n |-> 3] ] },
              q |->
                  [ t |-> "enc",
                    key |-> [t |-> "key", k |-> "ck", n |-> 0, l |-> "eg"],
                    body |-> [t |-> "m"] ] ] ] ]
/\ leaver = 0
/\ leaverKeys = {}
/\ stage = "ingress"
/\ pos = 1
/\ hops = 0
/\ ep = <<0, 0, 0, 0>>
/\ net = {}
/\ departed = {}
/\ ret = <<{0}, {0}, {0}, {0}>>
/\ lateKeys = {}
/\ cep = [C1 |-> 0]
/\ seen = <<{}, {}, {}, {}>>
/\ exitNode = 0

State 3: <Rotate line 247, col 5 to line 251, col 49 of module GsrpChannel>
/\ xs = 1
/\ netAfter = {}
/\ ys = 3
/\ cur = [ t |-> "msg",
  h |->
      { [ t |-> "kem",
          key |-> [t |-> "key", k |-> "ck", n |-> 0, l |-> "in"],
          sec |-> [c |-> "C1", e |-> 0, t |-> "key", k |-> "csk"] ] },
  q |->
      [ t |-> "enc",
        key |-> [t |-> "key", k |-> "ck", n |-> 0, l |-> "in"],
        body |->
            [ t |-> "msg",
              h |->
                  { [ t |-> "kem",
                      key |-> [t |-> "key", k |-> "ck", n |-> 0, l |-> "eg"],
                      sec |-> [e |-> 0, t |-> "key", k |-> "sk", n |-> 3] ] },
              q |->
                  [ t |-> "enc",
                    key |-> [t |-> "key", k |-> "ck", n |-> 0, l |-> "eg"],
                    body |-> [t |-> "m"] ] ] ] ]
/\ leaver = 0
/\ leaverKeys = {}
/\ stage = "ingress"
/\ pos = 1
/\ hops = 0
/\ ep = <<1, 0, 0, 0>>
/\ net = {}
/\ departed = {}
/\ ret = <<{0, 1}, {0}, {0}, {0}>>
/\ lateKeys = {}
/\ cep = [C1 |-> 0]
/\ seen = <<{}, {}, {}, {}>>
/\ exitNode = 0

State 4: <Leave line 254, col 5 to line 258, col 100 of module GsrpChannel>
/\ xs = 1
/\ netAfter = {}
/\ ys = 3
/\ cur = [ t |-> "msg",
  h |->
      { [ t |-> "kem",
          key |-> [t |-> "key", k |-> "ck", n |-> 0, l |-> "in"],
          sec |-> [c |-> "C1", e |-> 0, t |-> "key", k |-> "csk"] ] },
  q |->
      [ t |-> "enc",
        key |-> [t |-> "key", k |-> "ck", n |-> 0, l |-> "in"],
        body |->
            [ t |-> "msg",
              h |->
                  { [ t |-> "kem",
                      key |-> [t |-> "key", k |-> "ck", n |-> 0, l |-> "eg"],
                      sec |-> [e |-> 0, t |-> "key", k |-> "sk", n |-> 3] ] },
              q |->
                  [ t |-> "enc",
                    key |-> [t |-> "key", k |-> "ck", n |-> 0, l |-> "eg"],
                    body |-> [t |-> "m"] ] ] ] ]
/\ leaver = 2
/\ leaverKeys = { [c |-> "C1", e |-> 0, t |-> "key", k |-> "csk"],
  [c |-> "C1", e |-> 0, t |-> "key", k |-> "sc"],
  [e |-> 0, t |-> "key", k |-> "sk", n |-> 2] }
/\ stage = "ingress"
/\ pos = 1
/\ hops = 0
/\ ep = <<1, 0, 0, 0>>
/\ net = {}
/\ departed = {2}
/\ ret = <<{0, 1}, {0}, {0}, {0}>>
/\ lateKeys = {}
/\ cep = [C1 |-> 1]
/\ seen = <<{}, {}, {}, {}>>
/\ exitNode = 0

67 states generated, 55 distinct states found, 36 states left on queue.
The depth of the complete state graph search is 4.
The average outdegree of the complete state graph is 3 (minimum is 0, the maximum 9 and the 95th percentile is 9).
Finished in 00s at (2026-10-09 17:04:58)
