inputs: c37d25841d7d903efe76e6bc3886c627420718ed778d57794421f4ec9dd4dee6 f67e2f8f1497b9b8eb2b08131b80f2979bf09178004f94aba69053ce2035e14c 936a262061c914694dfd669a543be24573c45d5aa0ff20a8b96b23d01e050e88
TLC2 Version 2.19 of 08 August 2024 (rev: 5a47802)
Running breadth-first search Model-Checking with fp 50 and seed -6256046611371119224 with 1 worker on 16 cores with 7282MB heap and 64MB offheap memory [pid: 105766] (Linux 7.0.0-34-generic amd64, Ubuntu 21.0.12.1 x86_64, MSBDiskFPSet, DiskStateQueue).
Parsing file /home/constantine/Programming/Constantine/Projects/PhD_verification/gsrp-tla/spec/GsrpEgress.tla
Parsing file /home/constantine/Programming/Constantine/Projects/PhD_verification/gsrp-tla/spec/states/we_join.tmp/Integers.tla
Parsing file /home/constantine/Programming/Constantine/Projects/PhD_verification/gsrp-tla/spec/states/we_join.tmp/FiniteSets.tla
Parsing file /home/constantine/Programming/Constantine/Projects/PhD_verification/gsrp-tla/spec/states/we_join.tmp/TLC.tla
Parsing file /home/constantine/Programming/Constantine/Projects/PhD_verification/gsrp-tla/spec/states/we_join.tmp/Naturals.tla
Parsing file /home/constantine/Programming/Constantine/Projects/PhD_verification/gsrp-tla/spec/states/we_join.tmp/Sequences.tla
Semantic processing of module Naturals
Semantic processing of module Integers
Semantic processing of module Sequences
Semantic processing of module FiniteSets
Semantic processing of module TLC
Semantic processing of module GsrpEgress
Starting... (2026-10-09 17:05:18)
Computing initial states...
Finished computing initial states: 1 distinct state generated at 2026-10-09 17:05:18.
Error: Invariant NoJoin is violated.
Error: The behavior up to this point is:
State 1: <Initial predicate>
/\ epoch = 0
/\ sess = "open"
/\ segs = 0
/\ S = <<0, 0, 0, 0>>
/\ inserts = 0
/\ pend = <<0, 0, 0, 0>>
/\ resp = {}
/\ view = <<0, 0, 0, 0>>
/\ tomb = <<FALSE, FALSE, FALSE, FALSE>>
/\ rel = {}
/\ uage = <<0, 0, 0, 0>>
/\ tg = 0
/\ usrc = {}
/\ sent = {}
/\ lost = FALSE
/\ uport = <<0, 0, 0, 0>>
/\ answered = 0
/\ senders = {}
/\ live = {1, 2, 3}
/\ mem = <<{1, 2, 3}, {1, 2, 3}, {1, 2, 3}, {}>>

State 2: <Join line 151, col 5 to line 155, col 24 of module GsrpEgress>
/\ epoch = 0
/\ sess = "open"
/\ segs = 0
/\ S = <<0, 0, 0, 0>>
/\ inserts = 0
/\ pend = <<0, 0, 0, 0>>
/\ resp = {}
/\ view = <<0, 0, 0, 0>>
/\ tomb = <<FALSE, FALSE, FALSE, FALSE>>
/\ rel = {}
/\ uage = <<0, 0, 0, 0>>
/\ tg = 0
/\ usrc = {}
/\ sent = {}
/\ lost = FALSE
/\ uport = <<0, 0, 0, 0>>
/\ answered = 0
/\ senders = {}
/\ live = {1, 2, 3, 4}
/\ mem = <<{1, 2, 3}, {1, 2, 3}, {1, 2, 3}, {1, 2, 3, 4}>>

8 states generated, 8 distinct states found, 6 states left on queue.
The depth of the complete state graph search is 2.
Finished in 00s at (2026-10-09 17:05:18)
