inputs: c37d25841d7d903efe76e6bc3886c627420718ed778d57794421f4ec9dd4dee6 1c8117954421b3d9df2356bba321e02b3635afb6dba6a0a8155364924b30de7a 936a262061c914694dfd669a543be24573c45d5aa0ff20a8b96b23d01e050e88
TLC2 Version 2.19 of 08 August 2024 (rev: 5a47802)
Running breadth-first search Model-Checking with fp 96 and seed -3828140890753638559 with 1 worker on 16 cores with 7282MB heap and 64MB offheap memory [pid: 105721] (Linux 7.0.0-34-generic amd64, Ubuntu 21.0.12.1 x86_64, MSBDiskFPSet, DiskStateQueue).
Parsing file /home/constantine/Programming/Constantine/Projects/PhD_verification/gsrp-tla/spec/GsrpEgress.tla
Parsing file /home/constantine/Programming/Constantine/Projects/PhD_verification/gsrp-tla/spec/states/we_udp_resp.tmp/Integers.tla
Parsing file /home/constantine/Programming/Constantine/Projects/PhD_verification/gsrp-tla/spec/states/we_udp_resp.tmp/FiniteSets.tla
Parsing file /home/constantine/Programming/Constantine/Projects/PhD_verification/gsrp-tla/spec/states/we_udp_resp.tmp/TLC.tla
Parsing file /home/constantine/Programming/Constantine/Projects/PhD_verification/gsrp-tla/spec/states/we_udp_resp.tmp/Naturals.tla
Parsing file /home/constantine/Programming/Constantine/Projects/PhD_verification/gsrp-tla/spec/states/we_udp_resp.tmp/Sequences.tla
Semantic processing of module Naturals
Semantic processing of module Integers
Semantic processing of module Sequences
Semantic processing of module FiniteSets
Semantic processing of module TLC
Semantic processing of module GsrpEgress
Starting... (2026-10-09 17:05:18)
Computing initial states...
Finished computing initial states: 1 distinct state generated at 2026-10-09 17:05:18.
Error: Invariant NoUdpAnswer is violated.
Error: The behavior up to this point is:
State 1: <Initial predicate>
/\ epoch = 0
/\ sess = "open"
/\ segs = 0
/\ S = <<0, 0, 0, 0>>
/\ inserts = 0
/\ pend = <<0, 0, 0, 0>>
/\ resp = {}
/\ view = <<0, 0, 0, 0>>
/\ tomb = <<FALSE, FALSE, FALSE, FALSE>>
/\ rel = {}
/\ uage = <<0, 0, 0, 0>>
/\ tg = 0
/\ usrc = {}
/\ sent = {}
/\ lost = FALSE
/\ uport = <<0, 0, 0, 0>>
/\ answered = 0
/\ senders = {}
/\ live = {1, 2, 3}
/\ mem = <<{1, 2, 3}, {1, 2, 3}, {1, 2, 3}, {}>>

State 2: <UdpSend line 178, col 5 to line 185, col 56 of module GsrpEgress>
/\ epoch = 0
/\ sess = "open"
/\ segs = 1
/\ S = <<0, 0, 0, 0>>
/\ inserts = 0
/\ pend = <<0, 0, 0, 0>>
/\ resp = {[v |-> 1, p |-> 1, age |-> 0]}
/\ view = <<0, 0, 0, 0>>
/\ tomb = <<FALSE, FALSE, FALSE, FALSE>>
/\ rel = {}
/\ uage = <<0, 0, 0, 0>>
/\ tg = 0
/\ usrc = {<<1, 1>>}
/\ sent = {}
/\ lost = FALSE
/\ uport = <<1, 0, 0, 0>>
/\ answered = 0
/\ senders = {}
/\ live = {1, 2, 3}
/\ mem = <<{1, 2, 3}, {1, 2, 3}, {1, 2, 3}, {}>>

State 3: <Tick line 189, col 5 to line 195, col 68 of module GsrpEgress>
/\ epoch = 0
/\ sess = "open"
/\ segs = 1
/\ S = <<0, 0, 0, 0>>
/\ inserts = 0
/\ pend = <<0, 0, 0, 0>>
/\ resp = {[v |-> 1, p |-> 1, age |-> 1]}
/\ view = <<0, 0, 0, 0>>
/\ tomb = <<FALSE, FALSE, FALSE, FALSE>>
/\ rel = {}
/\ uage = <<1, 0, 0, 0>>
/\ tg = 0
/\ usrc = {<<1, 1>>}
/\ sent = {}
/\ lost = FALSE
/\ uport = <<1, 0, 0, 0>>
/\ answered = 0
/\ senders = {}
/\ live = {1, 2, 3}
/\ mem = <<{1, 2, 3}, {1, 2, 3}, {1, 2, 3}, {}>>

State 4: <Next line 208, col 8 to line 208, col 33 of module GsrpEgress>
/\ epoch = 0
/\ sess = "open"
/\ segs = 1
/\ S = <<0, 0, 0, 0>>
/\ inserts = 0
/\ pend = <<0, 0, 0, 0>>
/\ resp = {}
/\ view = <<0, 0, 0, 0>>
/\ tomb = <<FALSE, FALSE, FALSE, FALSE>>
/\ rel = {}
/\ uage = <<1, 0, 0, 0>>
/\ tg = 0
/\ usrc = {<<1, 1>>}
/\ sent = {}
/\ lost = FALSE
/\ uport = <<1, 0, 0, 0>>
/\ answered = 1
/\ senders = {}
/\ live = {1, 2, 3}
/\ mem = <<{1, 2, 3}, {1, 2, 3}, {1, 2, 3}, {}>>

92 states generated, 52 distinct states found, 38 states left on queue.
The depth of the complete state graph search is 4.
The average outdegree of the complete state graph is 4 (minimum is 1, the maximum 6 and the 95th percentile is 6).
Finished in 00s at (2026-10-09 17:05:18)
